Archive member included to satisfy reference by file (symbol)

/home/runner/work/rusefi-hardware/rusefi-hardware/gcc-arm-none-eabi-9-2020-q2-update/bin/../lib/gcc/arm-none-eabi/9.3.1/thumb/v7-m/nofp/libgcc.a(_arm_mulsf3.o)
                              /tmp/gdi4.elf.bQZwN2.ltrans0.ltrans.o (__aeabi_fmul)
/home/runner/work/rusefi-hardware/rusefi-hardware/gcc-arm-none-eabi-9-2020-q2-update/bin/../lib/gcc/arm-none-eabi/9.3.1/thumb/v7-m/nofp/libgcc.a(_arm_addsubsf3.o)
                              /tmp/gdi4.elf.bQZwN2.ltrans0.ltrans.o (__aeabi_fadd)
/home/runner/work/rusefi-hardware/rusefi-hardware/gcc-arm-none-eabi-9-2020-q2-update/bin/../lib/gcc/arm-none-eabi/9.3.1/thumb/v7-m/nofp/libgcc.a(_arm_cmpsf2.o)
                              /tmp/gdi4.elf.bQZwN2.ltrans0.ltrans.o (__aeabi_fcmpeq)
/home/runner/work/rusefi-hardware/rusefi-hardware/gcc-arm-none-eabi-9-2020-q2-update/bin/../lib/gcc/arm-none-eabi/9.3.1/thumb/v7-m/nofp/libgcc.a(_arm_fixsfsi.o)
                              /tmp/gdi4.elf.bQZwN2.ltrans0.ltrans.o (__aeabi_f2iz)
/home/runner/work/rusefi-hardware/rusefi-hardware/gcc-arm-none-eabi-9-2020-q2-update/bin/../lib/gcc/arm-none-eabi/9.3.1/thumb/v7-m/nofp/libgcc.a(_arm_fixunssfsi.o)
                              /tmp/gdi4.elf.bQZwN2.ltrans0.ltrans.o (__aeabi_f2uiz)
/home/runner/work/rusefi-hardware/rusefi-hardware/gcc-arm-none-eabi-9-2020-q2-update/bin/../lib/gcc/arm-none-eabi/9.3.1/thumb/v7-m/nofp/libgcc.a(_aeabi_ldivmod.o)
                              /tmp/gdi4.elf.bQZwN2.ltrans0.ltrans.o (__aeabi_ldivmod)
/home/runner/work/rusefi-hardware/rusefi-hardware/gcc-arm-none-eabi-9-2020-q2-update/bin/../lib/gcc/arm-none-eabi/9.3.1/thumb/v7-m/nofp/libgcc.a(_aeabi_uldivmod.o)
                              /tmp/gdi4.elf.bQZwN2.ltrans0.ltrans.o (__aeabi_uldivmod)
/home/runner/work/rusefi-hardware/rusefi-hardware/gcc-arm-none-eabi-9-2020-q2-update/bin/../lib/gcc/arm-none-eabi/9.3.1/thumb/v7-m/nofp/libgcc.a(_udivmoddi4.o)
                              /home/runner/work/rusefi-hardware/rusefi-hardware/gcc-arm-none-eabi-9-2020-q2-update/bin/../lib/gcc/arm-none-eabi/9.3.1/thumb/v7-m/nofp/libgcc.a(_aeabi_ldivmod.o) (__udivmoddi4)
/home/runner/work/rusefi-hardware/rusefi-hardware/gcc-arm-none-eabi-9-2020-q2-update/bin/../lib/gcc/arm-none-eabi/9.3.1/thumb/v7-m/nofp/libgcc.a(_dvmd_tls.o)
                              /home/runner/work/rusefi-hardware/rusefi-hardware/gcc-arm-none-eabi-9-2020-q2-update/bin/../lib/gcc/arm-none-eabi/9.3.1/thumb/v7-m/nofp/libgcc.a(_aeabi_ldivmod.o) (__aeabi_ldiv0)
/home/runner/work/rusefi-hardware/rusefi-hardware/gcc-arm-none-eabi-9-2020-q2-update/bin/../lib/gcc/arm-none-eabi/9.3.1/../../../../arm-none-eabi/lib/thumb/v7-m/nofp/libg.a(lib_a-memcmp.o)
                              /tmp/gdi4.elf.bQZwN2.ltrans0.ltrans.o (memcmp)
/home/runner/work/rusefi-hardware/rusefi-hardware/gcc-arm-none-eabi-9-2020-q2-update/bin/../lib/gcc/arm-none-eabi/9.3.1/../../../../arm-none-eabi/lib/thumb/v7-m/nofp/libg.a(lib_a-memcpy.o)
                              /tmp/gdi4.elf.bQZwN2.ltrans0.ltrans.o (memcpy)

Discarded input sections

 .data          0x0000000000000000        0x0 ./build/obj/crt0_v7m.o
 .bss           0x0000000000000000        0x0 ./build/obj/crt0_v7m.o
 .data          0x0000000000000000        0x0 ./build/obj/vectors.o
 .bss           0x0000000000000000        0x0 ./build/obj/vectors.o
 .data          0x0000000000000000        0x0 ./build/obj/chcoreasm_v7m.o
 .bss           0x0000000000000000        0x0 ./build/obj/chcoreasm_v7m.o
 .text          0x0000000000000000        0x0 /tmp/gdi4.elf.bQZwN2.ltrans0.ltrans.o
 .data          0x0000000000000000        0x0 /tmp/gdi4.elf.bQZwN2.ltrans0.ltrans.o
 .bss           0x0000000000000000        0x0 /tmp/gdi4.elf.bQZwN2.ltrans0.ltrans.o
 .comment       0x0000000000000000       0x4d /tmp/ccW2kurN.debug.temp.o
 .comment       0x0000000000000000       0x4d /tmp/cc3cNtb2.debug.temp.o
 .comment       0x0000000000000000       0x4d /tmp/ccfUwtZG.debug.temp.o
 .comment       0x0000000000000000       0x4d /tmp/cciiIbf4.debug.temp.o
 .comment       0x0000000000000000       0x4d /tmp/cc13p5yU.debug.temp.o
 .comment       0x0000000000000000       0x4d /tmp/ccyrJr9I.debug.temp.o
 .comment       0x0000000000000000       0x4d /tmp/cccr4EpY.debug.temp.o
 .debug_info    0x0000000000000000     0x1d1f /tmp/ccHnd0oR.debug.temp.o
 .debug_abbrev  0x0000000000000000      0x1bc /tmp/ccHnd0oR.debug.temp.o
 .debug_line    0x0000000000000000      0x615 /tmp/ccHnd0oR.debug.temp.o
 .debug_str     0x0000000000000000     0x103a /tmp/ccHnd0oR.debug.temp.o
 .comment       0x0000000000000000       0x4d /tmp/ccHnd0oR.debug.temp.o
 .comment       0x0000000000000000       0x4d /tmp/ccyHdcni.debug.temp.o
 .debug_info    0x0000000000000000     0x1d1f /tmp/cc7bUYvo.debug.temp.o
 .debug_abbrev  0x0000000000000000      0x1bc /tmp/cc7bUYvo.debug.temp.o
 .debug_line    0x0000000000000000      0x615 /tmp/cc7bUYvo.debug.temp.o
 .debug_str     0x0000000000000000     0x103d /tmp/cc7bUYvo.debug.temp.o
[...]
Memory Configuration

Name             Origin             Length             Attributes
flash0           0x0000000008000000 0x000000000000f000 xr
flash1           0x0000000000000000 0x0000000000000000 xr
flash2           0x0000000000000000 0x0000000000000000 xr
flash3           0x0000000000000000 0x0000000000000000 xr
flash4           0x0000000000000000 0x0000000000000000 xr
flash5           0x0000000000000000 0x0000000000000000 xr
flash6           0x0000000000000000 0x0000000000000000 xr
flash7           0x0000000000000000 0x0000000000000000 xr
ram0             0x0000000020000000 0x0000000000005000 xw
ram1             0x0000000000000000 0x0000000000000000 xw
ram2             0x0000000000000000 0x0000000000000000 xw
ram3             0x0000000000000000 0x0000000000000000 xw
ram4             0x0000000000000000 0x0000000000000000 xw
ram5             0x0000000000000000 0x0000000000000000 xw
ram6             0x0000000000000000 0x0000000000000000 xw
ram7             0x0000000000000000 0x0000000000000000 xw
*default*        0x0000000000000000 0xffffffffffffffff

Linker script and memory map

LOAD ./build/obj/crt0_v7m.o
LOAD ./build/obj/vectors.o
LOAD ./build/obj/chcoreasm_v7m.o
LOAD ./build/obj/crt1.o
LOAD /tmp/gdi4.elf.bQZwN2.ltrans0.ltrans.o
LOAD /tmp/ccW2kurN.debug.temp.o
LOAD /tmp/cc3cNtb2.debug.temp.o
LOAD /tmp/ccfUwtZG.debug.temp.o
LOAD /tmp/cciiIbf4.debug.temp.o
LOAD /tmp/cc13p5yU.debug.temp.o
LOAD /tmp/ccyrJr9I.debug.temp.o
LOAD /tmp/cccr4EpY.debug.temp.o
LOAD /tmp/ccHnd0oR.debug.temp.o
LOAD /tmp/ccyHdcni.debug.temp.o
LOAD /tmp/cc7bUYvo.debug.temp.o
LOAD /tmp/ccUjEdaq.debug.temp.o
LOAD /tmp/ccqFdXxJ.debug.temp.o
LOAD /tmp/ccl3Rw0k.debug.temp.o
LOAD /tmp/ccI7CxgX.debug.temp.o
LOAD /tmp/ccV840pz.debug.temp.o
LOAD /tmp/ccmlSIHG.debug.temp.o
LOAD /tmp/ccxTlXto.debug.temp.o
LOAD /tmp/cc8cpCYo.debug.temp.o
LOAD /tmp/ccy3ewyV.debug.temp.o
LOAD /tmp/ccj4mVg9.debug.temp.o
LOAD /tmp/cc6JuGnE.debug.temp.o
LOAD /tmp/cc5p8OEe.debug.temp.o
LOAD /tmp/cc4rXSc6.debug.temp.o
LOAD /tmp/ccaYxD4t.debug.temp.o
LOAD /tmp/ccXR8MDU.debug.temp.o
LOAD /tmp/ccocYWG7.debug.temp.o
LOAD /tmp/cc9smzWP.debug.temp.o
LOAD /tmp/ccsxqCOa.debug.temp.o
LOAD /tmp/ccNOpDBe.debug.temp.o
LOAD /tmp/ccwOGW1L.debug.temp.o
LOAD /tmp/ccGa6vPg.debug.temp.o
LOAD /tmp/ccPN173K.debug.temp.o
LOAD /tmp/cc2wPBVP.debug.temp.o
LOAD /tmp/cc7vPwgi.debug.temp.o
LOAD /tmp/ccNWrMGo.debug.temp.o
LOAD /tmp/ccUaPFxc.debug.temp.o
LOAD /tmp/cclB5Lhf.debug.temp.o
LOAD /tmp/cc0IFFjD.debug.temp.o
LOAD /tmp/cc9RU9lv.debug.temp.o
LOAD /tmp/cccqBdTU.debug.temp.o
LOAD /tmp/cc56rWe9.debug.temp.o
LOAD /tmp/ccd4i7hb.debug.temp.o
LOAD /tmp/ccaJSWnU.debug.temp.o
LOAD /tmp/ccPCknNc.debug.temp.o
LOAD /tmp/cc8aGUzI.debug.temp.o
LOAD /tmp/ccLxA58Q.debug.temp.o
LOAD /tmp/cc92O7Wo.debug.temp.o
LOAD /tmp/ccuYsKb4.debug.temp.o
LOAD /tmp/ccffkvpJ.debug.temp.o
LOAD /tmp/ccwK6zlr.debug.temp.o
LOAD /tmp/ccPk4QQ0.debug.temp.o
LOAD /tmp/ccQRiczV.debug.temp.o
LOAD /tmp/ccM46t55.debug.temp.o
LOAD /tmp/ccprF6Jo.debug.temp.o
LOAD /tmp/ccqIAmjj.debug.temp.o
LOAD /tmp/cc5o0bOW.debug.temp.o
LOAD /tmp/cc8Pvdew.debug.temp.o
LOAD /tmp/ccTsVit0.debug.temp.o
LOAD /tmp/ccuKhvUD.debug.temp.o
LOAD /tmp/ccJIg8uF.debug.temp.o
LOAD /tmp/ccOVThog.debug.temp.o
LOAD /tmp/cc27tQd0.debug.temp.o
LOAD /tmp/cc9TeUbj.debug.temp.o
LOAD /tmp/ccEW0h7e.debug.temp.o
LOAD /tmp/ccNzuLEZ.debug.temp.o
LOAD /tmp/ccO87TCx.debug.temp.o
LOAD /tmp/ccZYtttv.debug.temp.o
LOAD /tmp/ccgYaf9f.debug.temp.o
LOAD /tmp/ccRTLMF3.debug.temp.o
LOAD /tmp/ccEJzAZv.debug.temp.o
LOAD /tmp/ccjTifP0.debug.temp.o
LOAD /tmp/ccbytJME.debug.temp.o
LOAD /tmp/ccI1r94j.debug.temp.o
LOAD /tmp/ccPzhi5f.debug.temp.o
LOAD /tmp/ccutaCVZ.debug.temp.o
LOAD /tmp/ccpHwMzZ.debug.temp.o
LOAD /tmp/ccYRa1qd.debug.temp.o
LOAD /tmp/ccDTRdvC.debug.temp.o
LOAD /tmp/ccKrLtnm.debug.temp.o
LOAD /tmp/ccngaVlU.debug.temp.o
LOAD /tmp/ccHJ6S76.debug.temp.o
LOAD /tmp/ccoaptrB.debug.temp.o
LOAD /tmp/ccGa5KbZ.debug.temp.o
LOAD /tmp/ccRsHqk8.debug.temp.o
LOAD /tmp/ccCv8gTF.debug.temp.o
LOAD /tmp/ccR3mzjY.debug.temp.o
LOAD /tmp/ccTX7JeD.debug.temp.o
LOAD /tmp/cc0dILBF.debug.temp.o
LOAD /tmp/ccJb07gL.debug.temp.o
LOAD /tmp/ccVCXFcL.debug.temp.o
LOAD /tmp/cc2O5gaF.debug.temp.o
LOAD /tmp/ccDunzus.debug.temp.o
LOAD /tmp/cclUBcoX.debug.temp.o
LOAD /tmp/ccShYqAh.debug.temp.o
LOAD /tmp/ccfMUEPz.debug.temp.o
LOAD /tmp/ccz3yicb.debug.temp.o
LOAD ./build/obj/hal.o
LOAD ./build/obj/hal_st.o
LOAD ./build/obj/hal_buffers.o
LOAD ./build/obj/hal_queues.o
LOAD ./build/obj/hal_flash.o
LOAD ./build/obj/hal_mmcsd.o
LOAD ./build/obj/hal_adc.o
LOAD ./build/obj/hal_can.o
LOAD ./build/obj/hal_crypto.o
LOAD ./build/obj/hal_dac.o
LOAD ./build/obj/hal_efl.o
LOAD ./build/obj/hal_gpt.o
LOAD ./build/obj/hal_i2c.o
LOAD ./build/obj/hal_i2s.o
LOAD ./build/obj/hal_icu.o
LOAD ./build/obj/hal_mac.o
LOAD ./build/obj/hal_mmc_spi.o
LOAD ./build/obj/hal_pal.o
LOAD ./build/obj/hal_pwm.o
LOAD ./build/obj/hal_rtc.o
LOAD ./build/obj/hal_sdc.o
LOAD ./build/obj/hal_serial.o
LOAD ./build/obj/hal_serial_usb.o
LOAD ./build/obj/hal_sio.o
LOAD ./build/obj/hal_spi.o
LOAD ./build/obj/hal_trng.o
LOAD ./build/obj/hal_uart.o
LOAD ./build/obj/hal_usb.o
LOAD ./build/obj/hal_wdg.o
LOAD ./build/obj/hal_wspi.o
LOAD ./build/obj/nvic.o
LOAD ./build/obj/stm32_isr.o
LOAD ./build/obj/hal_lld.o
LOAD ./build/obj/hal_efl_lld.o
LOAD ./build/obj/hal_adc_lld.o
LOAD ./build/obj/hal_can_lld.o
LOAD ./build/obj/hal_dac_lld.o
LOAD ./build/obj/stm32_dma.o
LOAD ./build/obj/hal_pal_lld.o
LOAD ./build/obj/hal_i2c_lld.o
LOAD ./build/obj/hal_rtc_lld.o
LOAD ./build/obj/hal_sdc_lld.o
LOAD ./build/obj/hal_i2s_lld.o
LOAD ./build/obj/hal_spi_lld.o
LOAD ./build/obj/hal_st_lld.o
LOAD ./build/obj/hal_gpt_lld.o
LOAD ./build/obj/hal_icu_lld.o
LOAD ./build/obj/hal_pwm_lld.o
LOAD ./build/obj/hal_serial_lld.o
LOAD ./build/obj/hal_uart_lld.o
LOAD ./build/obj/hal_usb_lld.o
LOAD ./build/obj/hal_wdg_lld.o
LOAD ./build/obj/board.o
LOAD ./build/obj/osal.o
LOAD ./build/obj/chsys.o
LOAD ./build/obj/chdebug.o
LOAD ./build/obj/chtrace.o
LOAD ./build/obj/chvt.o
LOAD ./build/obj/chschd.o
LOAD ./build/obj/chthreads.o
LOAD ./build/obj/chtm.o
LOAD ./build/obj/chstats.o
LOAD ./build/obj/chregistry.o
LOAD ./build/obj/chsem.o
LOAD ./build/obj/chmtx.o
LOAD ./build/obj/chcond.o
LOAD ./build/obj/chevents.o
LOAD ./build/obj/chmsg.o
LOAD ./build/obj/chdynamic.o
LOAD ./build/obj/chmboxes.o
LOAD ./build/obj/chmemcore.o
LOAD ./build/obj/chmemheaps.o
LOAD ./build/obj/chmempools.o
LOAD ./build/obj/chpipes.o
LOAD ./build/obj/chobjcaches.o
LOAD ./build/obj/chdelegates.o
LOAD ./build/obj/chfactory.o
LOAD ./build/obj/chcore.o
LOAD ./build/obj/chcore_v7m.o
LOAD ./build/obj/hal_mfs.o
LOAD ./build/obj/chprintf.o
LOAD ./build/obj/memstreams.o
LOAD ./build/obj/nullstreams.o
LOAD ./build/obj/PT2001_LoadData.o
LOAD ./build/obj/util_dummy.o
LOAD ./build/obj/crc.o
LOAD ./build/obj/efistringutil.o
LOAD ./build/obj/fragments.o
LOAD ./build/obj/math.o
LOAD ./build/obj/pt2001.o
LOAD ./build/obj/uart.o
LOAD ./build/obj/persistence.o
LOAD ./build/obj/can.o
LOAD ./build/obj/fault.o
LOAD ./build/obj/main.o

.mstack         0x0000000020000000      0x200
                0x0000000020000000                . = ALIGN (0x8)
                0x0000000020000000                __main_stack_base__ = .
                0x0000000020000200                . = (. + __main_stack_size__)
 *fill*         0x0000000020000000      0x200 
                0x0000000020000200                . = ALIGN (0x8)
                0x0000000020000200                __main_stack_end__ = .

.pstack         0x0000000020000200      0x200
                0x0000000020000200                . = ALIGN (0x8)
                0x0000000020000200                __process_stack_base__ = .
                0x0000000020000200                __main_thread_stack_base__ = .
                0x0000000020000400                . = (. + __process_stack_size__)
 *fill*         0x0000000020000200      0x200 
                0x0000000020000400                . = ALIGN (0x8)
                0x0000000020000400                __process_stack_end__ = .
                0x0000000020000400                __main_thread_stack_end__ = .

.vectors        0x0000000008000000      0x160
 *(.vectors)
 .vectors       0x0000000008000000      0x160 ./build/obj/vectors.o
                0x0000000008000000                _vectors

.xtors          0x0000000008000160        0x4
                0x0000000008000160                __init_array_base__ = .
 *(SORT_BY_NAME(.init_array.*))
 *(.init_array)
 .init_array    0x0000000008000160        0x4 /tmp/gdi4.elf.bQZwN2.ltrans0.ltrans.o
                0x0000000008000164                __init_array_end__ = .
                0x0000000008000164                __fini_array_base__ = .
 *(.fini_array)
 *(SORT_BY_NAME(.fini_array.*))
                0x0000000008000164                __fini_array_end__ = .

.text           0x0000000008000170     0x4db0
                0x0000000008000170                __text_base__ = .
 *(.text)
 .text          0x0000000008000170       0xd8 ./build/obj/crt0_v7m.o
                0x0000000008000170                _crt0_entry
 .text          0x0000000008000248        0x8 ./build/obj/vectors.o
                0x0000000008000248                Reset_Handler
                0x000000000800024a                Vector58
                0x000000000800024a                VectorE8
                0x000000000800024a                Vector9C
                0x000000000800024a                VectorAC
                0x000000000800024a                DebugMon_Handler
                0x000000000800024a                Vector5C
                0x000000000800024a                Vector11C
                0x000000000800024a                HardFault_Handler
                0x000000000800024a                SysTick_Handler
                0x000000000800024a                VectorDC
                0x000000000800024a                PendSV_Handler
                0x000000000800024a                NMI_Handler
                0x000000000800024a                Vector110
                0x000000000800024a                Vector120
                0x000000000800024a                VectorC8
                0x000000000800024a                VectorA8
                0x000000000800024a                VectorB4
                0x000000000800024a                UsageFault_Handler
                0x000000000800024a                VectorEC
                0x000000000800024a                Vector40
                0x000000000800024a                VectorF8
                0x000000000800024a                Vector108
                0x000000000800024a                VectorBC
                0x000000000800024a                Vector150
                0x000000000800024a                Vector124
                0x000000000800024a                Vector148
                0x000000000800024a                Vector118
                0x000000000800024a                Vector64
                0x000000000800024a                VectorCC
                0x000000000800024a                Vector54
                0x000000000800024a                Vector138
                0x000000000800024a                Vector24
                0x000000000800024a                VectorD0
                0x000000000800024a                Vector140
                0x000000000800024a                VectorE4
                0x000000000800024a                VectorC0
                0x000000000800024a                Vector158
                0x000000000800024a                Vector130
                0x000000000800024a                Vector134
                0x000000000800024a                VectorF0
                0x000000000800024a                Vector12C
                0x000000000800024a                Vector13C
                0x000000000800024a                Vector100
                0x000000000800024a                VectorE0
                0x000000000800024a                VectorF4
                0x000000000800024a                MemManage_Handler
                0x000000000800024a                VectorA0
                0x000000000800024a                VectorC4
                0x000000000800024a                Vector114
                0x000000000800024a                Vector60
                0x000000000800024a                Vector1C
                0x000000000800024a                Vector48
                0x000000000800024a                Vector4C
                0x000000000800024a                Vector144
                0x000000000800024a                Vector15C
                0x000000000800024a                Vector68
                0x000000000800024a                Vector88
                0x000000000800024a                Vector104
                0x000000000800024a                Vector10C
                0x000000000800024a                Vector14C
                0x000000000800024a                BusFault_Handler
                0x000000000800024a                Vector50
                0x000000000800024a                Vector154
                0x000000000800024a                Vector44
                0x000000000800024a                Vector28
                0x000000000800024a                VectorB8
                0x000000000800024a                VectorFC
                0x000000000800024a                Vector34
                0x000000000800024a                Vector128
                0x000000000800024a                VectorA4
                0x000000000800024a                Vector20
                0x000000000800024e                _unhandled_exception
 .text          0x0000000008000250       0x2a ./build/obj/chcoreasm_v7m.o
                0x0000000008000250                _port_switch
                0x0000000008000260                _port_thread_start
                0x0000000008000272                _port_switch_from_isr
                0x0000000008000276                _port_exit_from_isr
 *fill*         0x000000000800027a        0x2 
 .text          0x000000000800027c      0x168 /home/runner/work/rusefi-hardware/rusefi-hardware/gcc-arm-none-eabi-9-2020-q2-update/bin/../lib/gcc/arm-none-eabi/9.3.1/thumb/v7-m/nofp/libgcc.a(_arm_mulsf3.o)
                0x000000000800027c                __mulsf3
                0x000000000800027c                __aeabi_fmul
 .text          0x00000000080003e4      0x21c /home/runner/work/rusefi-hardware/rusefi-hardware/gcc-arm-none-eabi-9-2020-q2-update/bin/../lib/gcc/arm-none-eabi/9.3.1/thumb/v7-m/nofp/libgcc.a(_arm_addsubsf3.o)
                0x00000000080003e4                __aeabi_frsub
                0x00000000080003ec                __subsf3
                0x00000000080003ec                __aeabi_fsub
                0x00000000080003f0                __aeabi_fadd
                0x00000000080003f0                __addsf3
                0x0000000008000550                __aeabi_ui2f
                0x0000000008000550                __floatunsisf
                0x0000000008000558                __aeabi_i2f
                0x0000000008000558                __floatsisf
                0x0000000008000574                __floatundisf
                0x0000000008000574                __aeabi_ul2f
                0x0000000008000584                __floatdisf
                0x0000000008000584                __aeabi_l2f
 .text          0x0000000008000600       0xec /home/runner/work/rusefi-hardware/rusefi-hardware/gcc-arm-none-eabi-9-2020-q2-update/bin/../lib/gcc/arm-none-eabi/9.3.1/thumb/v7-m/nofp/libgcc.a(_arm_cmpsf2.o)
                0x0000000008000600                __gtsf2
                0x0000000008000600                __gesf2
                0x0000000008000608                __lesf2
                0x0000000008000608                __ltsf2
                0x0000000008000610                __nesf2
                0x0000000008000610                __eqsf2
                0x0000000008000610                __cmpsf2
                0x0000000008000670                __aeabi_cfrcmple
                0x0000000008000678                __aeabi_cfcmple
                0x0000000008000678                __aeabi_cfcmpeq
                0x0000000008000688                __aeabi_fcmpeq
                0x000000000800069c                __aeabi_fcmplt
                0x00000000080006b0                __aeabi_fcmple
                0x00000000080006c4                __aeabi_fcmpge
                0x00000000080006d8                __aeabi_fcmpgt
 .text          0x00000000080006ec       0x4c /home/runner/work/rusefi-hardware/rusefi-hardware/gcc-arm-none-eabi-9-2020-q2-update/bin/../lib/gcc/arm-none-eabi/9.3.1/thumb/v7-m/nofp/libgcc.a(_arm_fixsfsi.o)
                0x00000000080006ec                __fixsfsi
                0x00000000080006ec                __aeabi_f2iz
 .text          0x0000000008000738       0x40 /home/runner/work/rusefi-hardware/rusefi-hardware/gcc-arm-none-eabi-9-2020-q2-update/bin/../lib/gcc/arm-none-eabi/9.3.1/thumb/v7-m/nofp/libgcc.a(_arm_fixunssfsi.o)
                0x0000000008000738                __aeabi_f2uiz
                0x0000000008000738                __fixunssfsi
 .text          0x0000000008000778       0x30 /home/runner/work/rusefi-hardware/rusefi-hardware/gcc-arm-none-eabi-9-2020-q2-update/bin/../lib/gcc/arm-none-eabi/9.3.1/thumb/v7-m/nofp/libgcc.a(_aeabi_uldivmod.o)
                0x0000000008000778                __aeabi_uldivmod
 .text          0x00000000080007a8      0x2c4 /home/runner/work/rusefi-hardware/rusefi-hardware/gcc-arm-none-eabi-9-2020-q2-update/bin/../lib/gcc/arm-none-eabi/9.3.1/thumb/v7-m/nofp/libgcc.a(_udivmoddi4.o)
                0x00000000080007a8                __udivmoddi4
 .text          0x0000000008000a6c        0x4 /home/runner/work/rusefi-hardware/rusefi-hardware/gcc-arm-none-eabi-9-2020-q2-update/bin/../lib/gcc/arm-none-eabi/9.3.1/thumb/v7-m/nofp/libgcc.a(_dvmd_tls.o)
                0x0000000008000a6c                __aeabi_ldiv0
                0x0000000008000a6c                __aeabi_idiv0
 .text          0x0000000008000a70       0xec /home/runner/work/rusefi-hardware/rusefi-hardware/gcc-arm-none-eabi-9-2020-q2-update/bin/../lib/gcc/arm-none-eabi/9.3.1/../../../../arm-none-eabi/lib/thumb/v7-m/nofp/libg.a(lib_a-memcpy.o)
                0x0000000008000a70                memcpy
 *(.text.*)
 *fill*         0x0000000008000b5c        0x4 
 .text.mfs_bank_check_header.constprop.0
                0x0000000008000b60       0x98 /tmp/gdi4.elf.bQZwN2.ltrans0.ltrans.o
 *fill*         0x0000000008000bf8        0x8 
 .text._ZN6Pt20018deselectEv
                0x0000000008000c00       0x1c /tmp/gdi4.elf.bQZwN2.ltrans0.ltrans.o
 *fill*         0x0000000008000c1c        0x4 
 .text._ZN6Pt20018sendRecvEt
                0x0000000008000c20       0x14 /tmp/gdi4.elf.bQZwN2.ltrans0.ltrans.o
 *fill*         0x0000000008000c34        0xc 
 .text._ZN6Pt20016selectEv
                0x0000000008000c40       0x1c /tmp/gdi4.elf.bQZwN2.ltrans0.ltrans.o
 *fill*         0x0000000008000c5c        0x4 
 .text._ZN10Pt2001Base8setupSpiEv.constprop.0
                0x0000000008000c60       0x70 /tmp/gdi4.elf.bQZwN2.ltrans0.ltrans.o
 .text._ZN10Pt2001Base9writeDramE10MC33816Memt.constprop.0
                0x0000000008000cd0       0x74 /tmp/gdi4.elf.bQZwN2.ltrans0.ltrans.o
 *fill*         0x0000000008000d44        0xc 
 .text._ZN10Pt2001Base17clearDriverStatusEv.constprop.0
                0x0000000008000d50       0x5c /tmp/gdi4.elf.bQZwN2.ltrans0.ltrans.o
 *fill*         0x0000000008000dac        0x4 
 .text._ZN10Pt2001Base10readStatusEi.constprop.0
                0x0000000008000db0       0x6c /tmp/gdi4.elf.bQZwN2.ltrans0.ltrans.o
 *fill*         0x0000000008000e1c        0x4 
 .text.wakeup   0x0000000008000e20       0x6c /tmp/gdi4.elf.bQZwN2.ltrans0.ltrans.o
 *fill*         0x0000000008000e8c        0x4 
 .text._ZN6Pt20017onErrorEPKc
                0x0000000008000e90        0x4 /tmp/gdi4.elf.bQZwN2.ltrans0.ltrans.o
 *fill*         0x0000000008000e94        0xc 
 .text._ZNK6Pt200115getPumpTholdTotEv
                0x0000000008000ea0        0xc /tmp/gdi4.elf.bQZwN2.ltrans0.ltrans.o
 *fill*         0x0000000008000eac        0x4 
 .text._ZNK6Pt200115getPumpTholdOffEv
                0x0000000008000eb0        0xc /tmp/gdi4.elf.bQZwN2.ltrans0.ltrans.o
 *fill*         0x0000000008000ebc        0x4 
 .text._ZNK6Pt200118getPumpHoldCurrentEv
                0x0000000008000ec0        0xc /tmp/gdi4.elf.bQZwN2.ltrans0.ltrans.o
 *fill*         0x0000000008000ecc        0x4 
 .text._ZNK6Pt200118getPumpPeakCurrentEv
                0x0000000008000ed0        0xc /tmp/gdi4.elf.bQZwN2.ltrans0.ltrans.o
 *fill*         0x0000000008000edc        0x4 
 .text._ZNK6Pt200112getTBoostMaxEv
                0x0000000008000ee0        0xc /tmp/gdi4.elf.bQZwN2.ltrans0.ltrans.o
 *fill*         0x0000000008000eec        0x4 
 .text._ZNK6Pt200112getTBoostMinEv
                0x0000000008000ef0        0xc /tmp/gdi4.elf.bQZwN2.ltrans0.ltrans.o
 *fill*         0x0000000008000efc        0x4 
 .text._ZNK6Pt200111getTHoldTotEv
                0x0000000008000f00        0xc /tmp/gdi4.elf.bQZwN2.ltrans0.ltrans.o
 *fill*         0x0000000008000f0c        0x4 
 .text._ZNK6Pt200111getTholdOffEv
                0x0000000008000f10        0xc /tmp/gdi4.elf.bQZwN2.ltrans0.ltrans.o
 *fill*         0x0000000008000f1c        0x4 
 .text._ZNK6Pt200110getTbypassEv
                0x0000000008000f20        0xc /tmp/gdi4.elf.bQZwN2.ltrans0.ltrans.o
 *fill*         0x0000000008000f2c        0x4 
 .text._ZNK6Pt200111getTpeakTotEv
                0x0000000008000f30        0xc /tmp/gdi4.elf.bQZwN2.ltrans0.ltrans.o
 *fill*         0x0000000008000f3c        0x4 
 .text._ZNK6Pt200111getTpeakOffEv
                0x0000000008000f40        0xc /tmp/gdi4.elf.bQZwN2.ltrans0.ltrans.o
 *fill*         0x0000000008000f4c        0x4 
 .text._ZNK6Pt200114getHoldCurrentEv
                0x0000000008000f50        0xc /tmp/gdi4.elf.bQZwN2.ltrans0.ltrans.o
 *fill*         0x0000000008000f5c        0x4 
 .text._ZNK6Pt200114getPeakCurrentEv
                0x0000000008000f60        0xc /tmp/gdi4.elf.bQZwN2.ltrans0.ltrans.o
 *fill*         0x0000000008000f6c        0x4 
 .text._ZNK6Pt200115getBoostCurrentEv
                0x0000000008000f70        0xc /tmp/gdi4.elf.bQZwN2.ltrans0.ltrans.o
 *fill*         0x0000000008000f7c        0x4 
 .text._ZNK6Pt200115getBoostVoltageEv
                0x0000000008000f80       0x10 /tmp/gdi4.elf.bQZwN2.ltrans0.ltrans.o
 .text._ZN6Pt20019setResetBEb
                0x0000000008000f90       0x14 /tmp/gdi4.elf.bQZwN2.ltrans0.ltrans.o
 *fill*         0x0000000008000fa4        0xc 
 .text._ZNK6Pt20019readFlag0Ev
                0x0000000008000fb0       0x10 /tmp/gdi4.elf.bQZwN2.ltrans0.ltrans.o
 .text._ZN6Pt200110setDriveENEb
                0x0000000008000fc0       0x14 /tmp/gdi4.elf.bQZwN2.ltrans0.ltrans.o
 *fill*         0x0000000008000fd4        0xc 
 .text._ZNK6Pt20018getVbattEv
                0x0000000008000fe0        0x8 /tmp/gdi4.elf.bQZwN2.ltrans0.ltrans.o
 *fill*         0x0000000008000fe8        0x8 
 .text.chCoreAllocFromTop
                0x0000000008000ff0       0x3c /tmp/gdi4.elf.bQZwN2.ltrans0.ltrans.o
 *fill*         0x000000000800102c        0x4 
 .text.notify2  0x0000000008001030       0x10 /tmp/gdi4.elf.bQZwN2.ltrans0.ltrans.o
 .text._ZL13countTxResultl.part.0
                0x0000000008001040       0x10 /tmp/gdi4.elf.bQZwN2.ltrans0.ltrans.o
 .text._get.lto_priv.1
                0x0000000008001050       0x1c /tmp/gdi4.elf.bQZwN2.ltrans0.ltrans.o
 *fill*         0x000000000800106c        0x4 
 .text._put.lto_priv.1
                0x0000000008001070       0x24 /tmp/gdi4.elf.bQZwN2.ltrans0.ltrans.o
 *fill*         0x0000000008001094        0xc 
 .text._port_irq_epilogue
                0x00000000080010a0       0x4c /tmp/gdi4.elf.bQZwN2.ltrans0.ltrans.o
 *fill*         0x00000000080010ec        0x4 
 .text.chCoreAllocAlignedI
                0x00000000080010f0       0x28 /tmp/gdi4.elf.bQZwN2.ltrans0.ltrans.o
 *fill*         0x0000000008001118        0x8 
 .text.chTMStopMeasurementX
                0x0000000008001120       0x44 /tmp/gdi4.elf.bQZwN2.ltrans0.ltrans.o
 *fill*         0x0000000008001164        0xc 
 .text.chTMStartMeasurementX
                0x0000000008001170        0xc /tmp/gdi4.elf.bQZwN2.ltrans0.ltrans.o
 *fill*         0x000000000800117c        0x4 
 .text.chSchReadyI
                0x0000000008001180       0x24 /tmp/gdi4.elf.bQZwN2.ltrans0.ltrans.o
 *fill*         0x00000000080011a4        0xc 
 .text.chThdDequeueAllI.constprop.0
                0x00000000080011b0       0x20 /tmp/gdi4.elf.bQZwN2.ltrans0.ltrans.o
 .text.chEvtBroadcastFlagsI
                0x00000000080011d0       0x58 /tmp/gdi4.elf.bQZwN2.ltrans0.ltrans.o
 *fill*         0x0000000008001228        0x8 
 .text.vt_set_alarm
                0x0000000008001230       0x44 /tmp/gdi4.elf.bQZwN2.ltrans0.ltrans.o
 *fill*         0x0000000008001274        0xc 
 .text._idle_thread
                0x0000000008001280        0x4 /tmp/gdi4.elf.bQZwN2.ltrans0.ltrans.o
 *fill*         0x0000000008001284        0xc 
 .text.uart_lld_serve_tx_end_irq
                0x0000000008001290       0x4c /tmp/gdi4.elf.bQZwN2.ltrans0.ltrans.o
 *fill*         0x00000000080012dc        0x4 
 .text.uart_lld_serve_rx_end_irq
                0x00000000080012e0       0xa4 /tmp/gdi4.elf.bQZwN2.ltrans0.ltrans.o
 *fill*         0x0000000008001384        0xc 
 .text.spi_lld_serve_tx_interrupt
                0x0000000008001390       0x18 /tmp/gdi4.elf.bQZwN2.ltrans0.ltrans.o
 *fill*         0x00000000080013a8        0x8 
 .text.spi_lld_serve_rx_interrupt
                0x00000000080013b0       0xbc /tmp/gdi4.elf.bQZwN2.ltrans0.ltrans.o
 *fill*         0x000000000800146c        0x4 
 .text._pal_lld_setgroupmode
                0x0000000008001470       0x6c /tmp/gdi4.elf.bQZwN2.ltrans0.ltrans.o
 *fill*         0x00000000080014dc        0x4 
 .text.dmaStreamAllocI.part.0
                0x00000000080014e0       0xc0 /tmp/gdi4.elf.bQZwN2.ltrans0.ltrans.o
 .text.dmaServeInterrupt
                0x00000000080015a0       0x3c /tmp/gdi4.elf.bQZwN2.ltrans0.ltrans.o
 *fill*         0x00000000080015dc        0x4 
 .text.efl_lld_query_erase
                0x00000000080015e0       0x34 /tmp/gdi4.elf.bQZwN2.ltrans0.ltrans.o
 *fill*         0x0000000008001614        0xc 
 .text.efl_lld_start_erase_all
                0x0000000008001620        0x4 /tmp/gdi4.elf.bQZwN2.ltrans0.ltrans.o
 *fill*         0x0000000008001624        0xc 
 .text.efl_lld_program
                0x0000000008001630       0xa8 /tmp/gdi4.elf.bQZwN2.ltrans0.ltrans.o
 *fill*         0x00000000080016d8        0x8 
 .text.efl_lld_get_descriptor
                0x00000000080016e0        0x8 /tmp/gdi4.elf.bQZwN2.ltrans0.ltrans.o
 *fill*         0x00000000080016e8        0x8 
 .text._ctl     0x00000000080016f0        0x4 /tmp/gdi4.elf.bQZwN2.ltrans0.ltrans.o
 *fill*         0x00000000080016f4        0xc 
 .text.flashGetSectorOffset
                0x0000000008001700       0x1c /tmp/gdi4.elf.bQZwN2.ltrans0.ltrans.o
 *fill*         0x000000000800171c        0x4 
 .text.mfs_flash_get_bank_offset.isra.0
                0x0000000008001720       0x14 /tmp/gdi4.elf.bQZwN2.ltrans0.ltrans.o
 *fill*         0x0000000008001734        0xc 
 .text.mfs_bank_get_state.constprop.0
                0x0000000008001740       0x90 /tmp/gdi4.elf.bQZwN2.ltrans0.ltrans.o
 .text.efl_lld_verify_erase
                0x00000000080017d0       0x3c /tmp/gdi4.elf.bQZwN2.ltrans0.ltrans.o
 *fill*         0x000000000800180c        0x4 
 .text.efl_lld_start_erase_sector
                0x0000000008001810       0x38 /tmp/gdi4.elf.bQZwN2.ltrans0.ltrans.o
 *fill*         0x0000000008001848        0x8 
 .text.chSchWakeupS.constprop.0
                0x0000000008001850       0x58 /tmp/gdi4.elf.bQZwN2.ltrans0.ltrans.o
 *fill*         0x00000000080018a8        0x8 
 .text.chThdCreateStatic.constprop.0
                0x00000000080018b0       0x80 /tmp/gdi4.elf.bQZwN2.ltrans0.ltrans.o
 .text.chSchGoSleepS
                0x0000000008001930       0x28 /tmp/gdi4.elf.bQZwN2.ltrans0.ltrans.o
 *fill*         0x0000000008001958        0x8 
 .text.chSchGoSleepTimeoutS
                0x0000000008001960      0x154 /tmp/gdi4.elf.bQZwN2.ltrans0.ltrans.o
 *fill*         0x0000000008001ab4        0xc 
 .text.chThdEnqueueTimeoutS
                0x0000000008001ac0       0x28 /tmp/gdi4.elf.bQZwN2.ltrans0.ltrans.o
 *fill*         0x0000000008001ae8        0x8 
 .text.canTransmitTimeout.constprop.0
                0x0000000008001af0       0xbc /tmp/gdi4.elf.bQZwN2.ltrans0.ltrans.o
 *fill*         0x0000000008001bac        0x4 
 .text.oqPutTimeout
                0x0000000008001bb0       0x54 /tmp/gdi4.elf.bQZwN2.ltrans0.ltrans.o
 *fill*         0x0000000008001c04        0xc 
 .text._putt    0x0000000008001c10        0x8 /tmp/gdi4.elf.bQZwN2.ltrans0.ltrans.o
 *fill*         0x0000000008001c18        0x8 
 .text._put.lto_priv.0
                0x0000000008001c20        0xc /tmp/gdi4.elf.bQZwN2.ltrans0.ltrans.o
 *fill*         0x0000000008001c2c        0x4 
 .text.iqGetTimeout
                0x0000000008001c30       0x54 /tmp/gdi4.elf.bQZwN2.ltrans0.ltrans.o
 *fill*         0x0000000008001c84        0xc 
 .text._gett    0x0000000008001c90        0x8 /tmp/gdi4.elf.bQZwN2.ltrans0.ltrans.o
 *fill*         0x0000000008001c98        0x8 
 .text._get.lto_priv.0
                0x0000000008001ca0        0xc /tmp/gdi4.elf.bQZwN2.ltrans0.ltrans.o
 *fill*         0x0000000008001cac        0x4 
 .text.chThdSleep
                0x0000000008001cb0       0x18 /tmp/gdi4.elf.bQZwN2.ltrans0.ltrans.o
 *fill*         0x0000000008001cc8        0x8 
 .text.mfs_bank_erase.isra.0.constprop.0
                0x0000000008001cd0       0xa4 /tmp/gdi4.elf.bQZwN2.ltrans0.ltrans.o
 *fill*         0x0000000008001d74        0xc 
 .text._ZN6Pt20017sleepMsEj
                0x0000000008001d80       0x24 /tmp/gdi4.elf.bQZwN2.ltrans0.ltrans.o
 *fill*         0x0000000008001da4        0xc 
 .text.mfs_flash_write.constprop.0
                0x0000000008001db0       0x78 /tmp/gdi4.elf.bQZwN2.ltrans0.ltrans.o
 *fill*         0x0000000008001e28        0x8 
 .text.mfs_bank_write_header.constprop.0
                0x0000000008001e30       0x74 /tmp/gdi4.elf.bQZwN2.ltrans0.ltrans.o
 *fill*         0x0000000008001ea4        0xc 
 .text.mfs_garbage_collect.constprop.0
                0x0000000008001eb0       0xe8 /tmp/gdi4.elf.bQZwN2.ltrans0.ltrans.o
 *fill*         0x0000000008001f98        0x8 
 .text.mfs_mount.part.0.constprop.0
                0x0000000008001fa0      0x348 /tmp/gdi4.elf.bQZwN2.ltrans0.ltrans.o
 *fill*         0x00000000080022e8        0x8 
 .text.chsnprintf.constprop.0
                0x00000000080022f0      0x4e0 /tmp/gdi4.elf.bQZwN2.ltrans0.ltrans.o
 .text._ZL10UartThreadPv
                0x00000000080027d0      0x12c /tmp/gdi4.elf.bQZwN2.ltrans0.ltrans.o
 *fill*         0x00000000080028fc        0x4 
 .text._ZN6Pt20019sendLargeEPKtj
                0x0000000008002900       0x5c /tmp/gdi4.elf.bQZwN2.ltrans0.ltrans.o
 *fill*         0x000000000800295c        0x4 
 .text._ZN10Pt2001Base11downloadRamEi.constprop.0
                0x0000000008002960      0x118 /tmp/gdi4.elf.bQZwN2.ltrans0.ltrans.o
 *fill*         0x0000000008002a78        0x8 
 .text._ZN10Pt2001Base16downloadRegisterEi.constprop.0
                0x0000000008002a80      0x16c /tmp/gdi4.elf.bQZwN2.ltrans0.ltrans.o
 *fill*         0x0000000008002bec        0x4 
 .text._ZN10Pt2001Base7restartEv.constprop.0
                0x0000000008002bf0      0x4a8 /tmp/gdi4.elf.bQZwN2.ltrans0.ltrans.o
 *fill*         0x0000000008003098        0x8 
 .text._Z11CanRxThreadPv
                0x00000000080030a0      0x5cc /tmp/gdi4.elf.bQZwN2.ltrans0.ltrans.o
 *fill*         0x000000000800366c        0x4 
 .text._Z11CanTxThreadPv
                0x0000000008003670      0x244 /tmp/gdi4.elf.bQZwN2.ltrans0.ltrans.o
 *fill*         0x00000000080038b4        0xc 
 .text._reads   0x00000000080038c0       0x28 /tmp/gdi4.elf.bQZwN2.ltrans0.ltrans.o
 *fill*         0x00000000080038e8        0x8 
 .text._writes  0x00000000080038f0       0x24 /tmp/gdi4.elf.bQZwN2.ltrans0.ltrans.o
 *fill*         0x0000000008003914        0xc 
 .text.efl_lld_read
                0x0000000008003920       0x2c /tmp/gdi4.elf.bQZwN2.ltrans0.ltrans.o
 *fill*         0x000000000800394c        0x4 
 .text.oqWriteTimeout
                0x0000000008003950       0xd4 /tmp/gdi4.elf.bQZwN2.ltrans0.ltrans.o
 *fill*         0x0000000008003a24        0xc 
 .text._writet  0x0000000008003a30        0x8 /tmp/gdi4.elf.bQZwN2.ltrans0.ltrans.o
 *fill*         0x0000000008003a38        0x8 
 .text._write   0x0000000008003a40        0xc /tmp/gdi4.elf.bQZwN2.ltrans0.ltrans.o
 *fill*         0x0000000008003a4c        0x4 
 .text.iqReadTimeout
                0x0000000008003a50       0xd8 /tmp/gdi4.elf.bQZwN2.ltrans0.ltrans.o
 *fill*         0x0000000008003b28        0x8 
 .text._readt   0x0000000008003b30        0x8 /tmp/gdi4.elf.bQZwN2.ltrans0.ltrans.o
 *fill*         0x0000000008003b38        0x8 
 .text._read    0x0000000008003b40        0xc /tmp/gdi4.elf.bQZwN2.ltrans0.ltrans.o
 *fill*         0x0000000008003b4c        0x4 
 .text.startup._GLOBAL__sub_I_isOverallHappyStatus
                0x0000000008003b50       0x1c /tmp/gdi4.elf.bQZwN2.ltrans0.ltrans.o
 *fill*         0x0000000008003b6c        0x4 
 .text.startup.main
                0x0000000008003b70      0xbe4 /tmp/gdi4.elf.bQZwN2.ltrans0.ltrans.o
                0x0000000008003b70                main
 *fill*         0x0000000008004754        0xc 
 .text.SVC_Handler
                0x0000000008004760       0x14 /tmp/gdi4.elf.bQZwN2.ltrans0.ltrans.o
                0x0000000008004760                SVC_Handler
 *fill*         0x0000000008004774        0xc 
 .text.chThdExit
                0x0000000008004780       0x4c /tmp/gdi4.elf.bQZwN2.ltrans0.ltrans.o
                0x0000000008004780                chThdExit
 *fill*         0x00000000080047cc        0x4 
 .text.chSchDoReschedule
                0x00000000080047d0       0x3c /tmp/gdi4.elf.bQZwN2.ltrans0.ltrans.o
                0x00000000080047d0                chSchDoReschedule
 *fill*         0x000000000800480c        0x4 
 .text.__early_init
                0x0000000008004810       0x6c /tmp/gdi4.elf.bQZwN2.ltrans0.ltrans.o
                0x0000000008004810                __early_init
 *fill*         0x000000000800487c        0x4 
 .text.VectorD4
                0x0000000008004880       0x90 /tmp/gdi4.elf.bQZwN2.ltrans0.ltrans.o
                0x0000000008004880                VectorD4
 .text.VectorD8
                0x0000000008004910      0x1c4 /tmp/gdi4.elf.bQZwN2.ltrans0.ltrans.o
                0x0000000008004910                VectorD8
 *fill*         0x0000000008004ad4        0xc 
 .text.VectorB0
                0x0000000008004ae0       0xa4 /tmp/gdi4.elf.bQZwN2.ltrans0.ltrans.o
                0x0000000008004ae0                VectorB0
 *fill*         0x0000000008004b84        0xc 
 .text.Vector84
                0x0000000008004b90       0x14 /tmp/gdi4.elf.bQZwN2.ltrans0.ltrans.o
                0x0000000008004b90                Vector84
 *fill*         0x0000000008004ba4        0xc 
 .text.Vector80
                0x0000000008004bb0       0x14 /tmp/gdi4.elf.bQZwN2.ltrans0.ltrans.o
                0x0000000008004bb0                Vector80
 *fill*         0x0000000008004bc4        0xc 
 .text.Vector7C
                0x0000000008004bd0       0x14 /tmp/gdi4.elf.bQZwN2.ltrans0.ltrans.o
                0x0000000008004bd0                Vector7C
 *fill*         0x0000000008004be4        0xc 
 .text.Vector78
                0x0000000008004bf0       0x14 /tmp/gdi4.elf.bQZwN2.ltrans0.ltrans.o
                0x0000000008004bf0                Vector78
 *fill*         0x0000000008004c04        0xc 
 .text.Vector74
                0x0000000008004c10       0x14 /tmp/gdi4.elf.bQZwN2.ltrans0.ltrans.o
                0x0000000008004c10                Vector74
 *fill*         0x0000000008004c24        0xc 
 .text.Vector70
                0x0000000008004c30       0x14 /tmp/gdi4.elf.bQZwN2.ltrans0.ltrans.o
                0x0000000008004c30                Vector70
 *fill*         0x0000000008004c44        0xc 
 .text.Vector6C
                0x0000000008004c50       0x14 /tmp/gdi4.elf.bQZwN2.ltrans0.ltrans.o
                0x0000000008004c50                Vector6C
 *fill*         0x0000000008004c64        0xc 
 .text.Vector98
                0x0000000008004c70       0x68 /tmp/gdi4.elf.bQZwN2.ltrans0.ltrans.o
                0x0000000008004c70                Vector98
 *fill*         0x0000000008004cd8        0x8 
 .text.Vector94
                0x0000000008004ce0       0x6c /tmp/gdi4.elf.bQZwN2.ltrans0.ltrans.o
                0x0000000008004ce0                Vector94
 *fill*         0x0000000008004d4c        0x4 
 .text.Vector90
                0x0000000008004d50       0x6c /tmp/gdi4.elf.bQZwN2.ltrans0.ltrans.o
                0x0000000008004d50                Vector90
 *fill*         0x0000000008004dbc        0x4 
 .text.Vector8C
                0x0000000008004dc0       0x6c /tmp/gdi4.elf.bQZwN2.ltrans0.ltrans.o
                0x0000000008004dc0                Vector8C
 *fill*         0x0000000008004e2c        0x4 
 .text.__init_ram_areas
                0x0000000008004e30       0x68 /tmp/gdi4.elf.bQZwN2.ltrans0.ltrans.o
                0x0000000008004e30                __init_ram_areas
 *fill*         0x0000000008004e98        0x8 
 .text.__default_exit
                0x0000000008004ea0        0x4 /tmp/gdi4.elf.bQZwN2.ltrans0.ltrans.o
                0x0000000008004ea0                __default_exit
 *fill*         0x0000000008004ea4        0xc 
 .text.__late_init
                0x0000000008004eb0        0x4 /tmp/gdi4.elf.bQZwN2.ltrans0.ltrans.o
                0x0000000008004eb0                __late_init
 *fill*         0x0000000008004eb4        0xc 
 .text.__core_init
                0x0000000008004ec0        0x4 /tmp/gdi4.elf.bQZwN2.ltrans0.ltrans.o
                0x0000000008004ec0                __core_init
 .text.memcmp   0x0000000008004ec4       0x5c /home/runner/work/rusefi-hardware/rusefi-hardware/gcc-arm-none-eabi-9-2020-q2-update/bin/../lib/gcc/arm-none-eabi/9.3.1/../../../../arm-none-eabi/lib/thumb/v7-m/nofp/libg.a(lib_a-memcmp.o)
                0x0000000008004ec4                memcmp
 *(.glue_7t)
 .glue_7t       0x0000000008004f20        0x0 linker stubs
 *(.glue_7)
 .glue_7        0x0000000008004f20        0x0 linker stubs
 *(.gcc*)
                0x0000000008004f20                __text_end__ = .

.vfp11_veneer   0x0000000008004f20        0x0
 .vfp11_veneer  0x0000000008004f20        0x0 linker stubs

.v4_bx          0x0000000008004f20        0x0
 .v4_bx         0x0000000008004f20        0x0 linker stubs

.iplt           0x0000000008004f20        0x0
 .iplt          0x0000000008004f20        0x0 ./build/obj/crt0_v7m.o

.rodata         0x0000000008004f20      0x580
                0x0000000008004f20                __rodata_base__ = .
 *(.rodata)
 *(.rodata.*)
 .rodata.uart_lld_serve_tx_end_irq.str1.4
                0x0000000008004f20        0xc /tmp/gdi4.elf.bQZwN2.ltrans0.ltrans.o
 .rodata.chThdCreateStatic.constprop.0.str1.4
                0x0000000008004f2c        0x7 /tmp/gdi4.elf.bQZwN2.ltrans0.ltrans.o
 *fill*         0x0000000008004f33        0x1 
 .rodata.chsnprintf.constprop.0.str1.4
                0x0000000008004f34        0x7 /tmp/gdi4.elf.bQZwN2.ltrans0.ltrans.o
 *fill*         0x0000000008004f3b        0x1 
 .rodata._ZL10UartThreadPv.str1.4
                0x0000000008004f3c       0x8d /tmp/gdi4.elf.bQZwN2.ltrans0.ltrans.o
 *fill*         0x0000000008004fc9        0x3 
 .rodata.main.str1.4
                0x0000000008004fcc        0x5 /tmp/gdi4.elf.bQZwN2.ltrans0.ltrans.o
 *fill*         0x0000000008004fd1        0x3 
 .rodata.CSWTCH.30
                0x0000000008004fd4        0x6 /tmp/gdi4.elf.bQZwN2.ltrans0.ltrans.o
 *fill*         0x0000000008004fda        0x2 
 .rodata.CSWTCH.31
                0x0000000008004fdc        0x6 /tmp/gdi4.elf.bQZwN2.ltrans0.ltrans.o
 *fill*         0x0000000008004fe2        0x2 
 .rodata.CSWTCH.32
                0x0000000008004fe4        0x6 /tmp/gdi4.elf.bQZwN2.ltrans0.ltrans.o
 *fill*         0x0000000008004fea        0x2 
 .rodata.CSWTCH.33
                0x0000000008004fec        0xc /tmp/gdi4.elf.bQZwN2.ltrans0.ltrans.o
 .rodata.CSWTCH.35
                0x0000000008004ff8        0xa /tmp/gdi4.elf.bQZwN2.ltrans0.ltrans.o
 *fill*         0x0000000008005002        0x2 
 .rodata.CSWTCH.36
                0x0000000008005004        0xa /tmp/gdi4.elf.bQZwN2.ltrans0.ltrans.o
 *fill*         0x000000000800500e        0x2 
 .rodata.CSWTCH.37
                0x0000000008005010       0x14 /tmp/gdi4.elf.bQZwN2.ltrans0.ltrans.o
 .rodata._ZL12canConfig500
                0x0000000008005024        0x8 /tmp/gdi4.elf.bQZwN2.ltrans0.ltrans.o
 .rodata._ZL6spiCfg
                0x000000000800502c       0x14 /tmp/gdi4.elf.bQZwN2.ltrans0.ltrans.o
 .rodata._ZL7uartCfg
                0x0000000008005040       0x28 /tmp/gdi4.elf.bQZwN2.ltrans0.ltrans.o
 .rodata._ZL9mfscfg_1k
                0x0000000008005068       0x1c /tmp/gdi4.elf.bQZwN2.ltrans0.ltrans.o
 .rodata._ZL9mfscfg_2k
                0x0000000008005084       0x1c /tmp/gdi4.elf.bQZwN2.ltrans0.ltrans.o
 .rodata._ZTV6Pt2001
                0x00000000080050a0       0x6c /tmp/gdi4.elf.bQZwN2.ltrans0.ltrans.o
 .rodata._stm32_dma_streams
                0x000000000800510c       0x70 /tmp/gdi4.elf.bQZwN2.ltrans0.ltrans.o
 .rodata.cfgtab.8128
                0x000000000800517c       0x12 /tmp/gdi4.elf.bQZwN2.ltrans0.ltrans.o
 *fill*         0x000000000800518e        0x2 
 .rodata.ch_debug
                0x0000000008005190       0x16 /tmp/gdi4.elf.bQZwN2.ltrans0.ltrans.o
 *fill*         0x00000000080051a6        0x2 
 .rodata.crc16_table
                0x00000000080051a8      0x200 /tmp/gdi4.elf.bQZwN2.ltrans0.ltrans.o
 .rodata.efl_lld_descriptor
                0x00000000080053a8       0x1c /tmp/gdi4.elf.bQZwN2.ltrans0.ltrans.o
 .rodata.ram_areas
                0x00000000080053c4       0x80 /tmp/gdi4.elf.bQZwN2.ltrans0.ltrans.o
 .rodata.vmt.lto_priv.0
                0x0000000008005444       0x20 /tmp/gdi4.elf.bQZwN2.ltrans0.ltrans.o
 .rodata.vmt.lto_priv.1
                0x0000000008005464       0x28 /tmp/gdi4.elf.bQZwN2.ltrans0.ltrans.o
 .rodata.vmt.lto_priv.2
                0x000000000800548c       0x14 /tmp/gdi4.elf.bQZwN2.ltrans0.ltrans.o
                0x00000000080054a0                . = ALIGN (0x4)
                0x00000000080054a0                __rodata_end__ = .

.ARM.extab
 *(.ARM.extab* .gnu.linkonce.armextab.*)

.ARM.exidx      0x00000000080054a0        0x8
                0x00000000080054a0                __exidx_base__ = .
                0x00000000080054a0                __exidx_start = .
 *(.ARM.exidx* .gnu.linkonce.armexidx.*)
 .ARM.exidx     0x00000000080054a0        0x8 /home/runner/work/rusefi-hardware/rusefi-hardware/gcc-arm-none-eabi-9-2020-q2-update/bin/../lib/gcc/arm-none-eabi/9.3.1/thumb/v7-m/nofp/libgcc.a(_udivmoddi4.o)
                0x00000000080054a8                __exidx_end__ = .
                0x00000000080054a8                __exidx_end = .

.rel.dyn        0x00000000080054a8        0x0
 .rel.iplt      0x00000000080054a8        0x0 ./build/obj/crt0_v7m.o

.eh_frame_hdr
 *(.eh_frame_hdr)

.eh_frame
 *(.eh_frame)

.data           0x0000000020000400      0x38c load address 0x00000000080054a8
                [!provide]                        PROVIDE (_textdata = LOADADDR (.data))
                [!provide]                        PROVIDE (_data = .)
                0x00000000080054a8                __textdata_base__ = LOADADDR (.data)
                0x0000000020000400                __data_base__ = .
 *(.data)
 *(.data.*)
 .data.PT2001_ch1_config
                0x0000000020000400       0x26 /tmp/gdi4.elf.bQZwN2.ltrans0.ltrans.o
 *fill*         0x0000000020000426        0x2 
 .data.PT2001_ch2_config
                0x0000000020000428       0x26 /tmp/gdi4.elf.bQZwN2.ltrans0.ltrans.o
 *fill*         0x000000002000044e        0x2 
 .data.PT2001_code_RAM1
                0x0000000020000450       0xe4 /tmp/gdi4.elf.bQZwN2.ltrans0.ltrans.o
 .data.PT2001_code_RAM2
                0x0000000020000534       0x56 /tmp/gdi4.elf.bQZwN2.ltrans0.ltrans.o
 *fill*         0x000000002000058a        0x2 
 .data.PT2001_data_RAM
                0x000000002000058c      0x100 /tmp/gdi4.elf.bQZwN2.ltrans0.ltrans.o
 .data.PT2001_diag_config
                0x000000002000068c       0x58 /tmp/gdi4.elf.bQZwN2.ltrans0.ltrans.o
 .data.PT2001_io_config
                0x00000000200006e4       0x6a /tmp/gdi4.elf.bQZwN2.ltrans0.ltrans.o
 *fill*         0x000000002000074e        0x2 
 .data.PT2001_main_config
                0x0000000020000750       0x3a /tmp/gdi4.elf.bQZwN2.ltrans0.ltrans.o
 *(.ramtext)
                0x000000002000078c                . = ALIGN (0x4)
 *fill*         0x000000002000078a        0x2 
                [!provide]                        PROVIDE (_edata = .)
                0x000000002000078c                __data_end__ = .

.igot.plt       0x000000002000078c        0x0 load address 0x0000000008005834
 .igot.plt      0x000000002000078c        0x0 ./build/obj/crt0_v7m.o

.bss            0x0000000020000790      0xb90 load address 0x0000000008005834
                0x0000000020000790                __bss_base__ = .
 *(.bss)
 *(.bss.*)
 .bss.CAND1     0x0000000020000790       0x30 /tmp/gdi4.elf.bQZwN2.ltrans0.ltrans.o
 .bss.EFLD1     0x00000000200007c0       0x10 /tmp/gdi4.elf.bQZwN2.ltrans0.ltrans.o
 .bss.SD2       0x00000000200007d0       0x7c /tmp/gdi4.elf.bQZwN2.ltrans0.ltrans.o
 .bss.SPID1     0x000000002000084c       0x30 /tmp/gdi4.elf.bQZwN2.ltrans0.ltrans.o
 .bss.UARTD1    0x000000002000087c       0x20 /tmp/gdi4.elf.bQZwN2.ltrans0.ltrans.o
 .bss._ZL11printBuffer
                0x000000002000089c       0xc8 /tmp/gdi4.elf.bQZwN2.ltrans0.ltrans.o
 .bss._ZL12intTxCounter
                0x0000000020000964        0x4 /tmp/gdi4.elf.bQZwN2.ltrans0.ltrans.o
 .bss._ZL12waUartThread
                0x0000000020000968      0x1c8 /tmp/gdi4.elf.bQZwN2.ltrans0.ltrans.o
 .bss._ZL13waCanRxThread
                0x0000000020000b30      0x1c8 /tmp/gdi4.elf.bQZwN2.ltrans0.ltrans.o
 .bss._ZL13waCanTxThread
                0x0000000020000cf8      0x1c8 /tmp/gdi4.elf.bQZwN2.ltrans0.ltrans.o
 .bss._ZL4mfs1  0x0000000020000ec0      0x204 /tmp/gdi4.elf.bQZwN2.ltrans0.ltrans.o
 .bss._ZL7counter
                0x00000000200010c4        0x4 /tmp/gdi4.elf.bQZwN2.ltrans0.ltrans.o
 .bss.canWriteNotOk
                0x00000000200010c8        0x4 /tmp/gdi4.elf.bQZwN2.ltrans0.ltrans.o
 .bss.canWriteOk
                0x00000000200010cc        0x4 /tmp/gdi4.elf.bQZwN2.ltrans0.ltrans.o
 .bss.ch        0x00000000200010d0       0x78 /tmp/gdi4.elf.bQZwN2.ltrans0.ltrans.o
 .bss.ch_factory
                0x0000000020001148       0x48 /tmp/gdi4.elf.bQZwN2.ltrans0.ltrans.o
 .bss.ch_idle_thread_wa
                0x0000000020001190       0xd8 /tmp/gdi4.elf.bQZwN2.ltrans0.ltrans.o
 .bss.ch_memcore
                0x0000000020001268        0x8 /tmp/gdi4.elf.bQZwN2.ltrans0.ltrans.o
 .bss.chip      0x0000000020001270       0x14 /tmp/gdi4.elf.bQZwN2.ltrans0.ltrans.o
 .bss.configuration
                0x0000000020001284       0x3c /tmp/gdi4.elf.bQZwN2.ltrans0.ltrans.o
 .bss.default_heap
                0x00000000200012c0       0x1c /tmp/gdi4.elf.bQZwN2.ltrans0.ltrans.o
 .bss.dma       0x00000000200012dc       0x40 /tmp/gdi4.elf.bQZwN2.ltrans0.ltrans.o
 .bss.dummyrx   0x000000002000131c        0x2 /tmp/gdi4.elf.bQZwN2.ltrans0.ltrans.o
 .bss.flashState
                0x000000002000131e        0x1 /tmp/gdi4.elf.bQZwN2.ltrans0.ltrans.o
 *(COMMON)
                0x0000000020001320                . = ALIGN (0x4)
 *fill*         0x000000002000131f        0x1 
                0x0000000020001320                __bss_end__ = .
                [!provide]                        PROVIDE (end = .)
                0x0000000020000000                __ram0_base__ = ORIGIN (ram0)
                0x0000000000005000                __ram0_size__ = LENGTH (ram0)
                0x0000000020005000                __ram0_end__ = (__ram0_base__ + __ram0_size__)
                0x0000000000000000                __ram1_base__ = ORIGIN (ram1)
                0x0000000000000000                __ram1_size__ = LENGTH (ram1)
                0x0000000000000000                __ram1_end__ = (__ram1_base__ + __ram1_size__)
                0x0000000000000000                __ram2_base__ = ORIGIN (ram2)
                0x0000000000000000                __ram2_size__ = LENGTH (ram2)
                0x0000000000000000                __ram2_end__ = (__ram2_base__ + __ram2_size__)
                0x0000000000000000                __ram3_base__ = ORIGIN (ram3)
                0x0000000000000000                __ram3_size__ = LENGTH (ram3)
                0x0000000000000000                __ram3_end__ = (__ram3_base__ + __ram3_size__)
                0x0000000000000000                __ram4_base__ = ORIGIN (ram4)
                0x0000000000000000                __ram4_size__ = LENGTH (ram4)
                0x0000000000000000                __ram4_end__ = (__ram4_base__ + __ram4_size__)
                0x0000000000000000                __ram5_base__ = ORIGIN (ram5)
                0x0000000000000000                __ram5_size__ = LENGTH (ram5)
                0x0000000000000000                __ram5_end__ = (__ram5_base__ + __ram5_size__)
                0x0000000000000000                __ram6_base__ = ORIGIN (ram6)
                0x0000000000000000                __ram6_size__ = LENGTH (ram6)
                0x0000000000000000                __ram6_end__ = (__ram6_base__ + __ram6_size__)
                0x0000000000000000                __ram7_base__ = ORIGIN (ram7)
                0x0000000000000000                __ram7_size__ = LENGTH (ram7)
                0x0000000000000000                __ram7_end__ = (__ram7_base__ + __ram7_size__)
                0x0000000008000000                __flash0_base__ = ORIGIN (flash0)
                0x000000000000f000                __flash0_size__ = LENGTH (flash0)
                0x000000000800f000                __flash0_end__ = (__flash0_base__ + __flash0_size__)
                0x0000000000000000                __flash1_base__ = ORIGIN (flash1)
                0x0000000000000000                __flash1_size__ = LENGTH (flash1)
                0x0000000000000000                __flash1_end__ = (__flash1_base__ + __flash1_size__)
                0x0000000000000000                __flash2_base__ = ORIGIN (flash2)
                0x0000000000000000                __flash2_size__ = LENGTH (flash2)
                0x0000000000000000                __flash2_end__ = (__flash2_base__ + __flash2_size__)
                0x0000000000000000                __flash3_base__ = ORIGIN (flash3)
                0x0000000000000000                __flash3_size__ = LENGTH (flash3)
                0x0000000000000000                __flash3_end__ = (__flash3_base__ + __flash3_size__)
                0x0000000000000000                __flash4_base__ = ORIGIN (flash4)
                0x0000000000000000                __flash4_size__ = LENGTH (flash4)
                0x0000000000000000                __flash4_end__ = (__flash4_base__ + __flash4_size__)
                0x0000000000000000                __flash5_base__ = ORIGIN (flash5)
                0x0000000000000000                __flash5_size__ = LENGTH (flash5)
                0x0000000000000000                __flash5_end__ = (__flash5_base__ + __flash5_size__)
                0x0000000000000000                __flash6_base__ = ORIGIN (flash6)
                0x0000000000000000                __flash6_size__ = LENGTH (flash6)
                0x0000000000000000                __flash6_end__ = (__flash6_base__ + __flash6_size__)
                0x0000000000000000                __flash7_base__ = ORIGIN (flash7)
                0x0000000000000000                __flash7_size__ = LENGTH (flash7)
                0x0000000000000000                __flash7_end__ = (__flash7_base__ + __flash7_size__)

.ram0_init      0x0000000020001320        0x0 load address 0x0000000008005834
                0x0000000008005834                __ram0_init_text__ = LOADADDR (.ram0_init)
                0x0000000020001320                __ram0_init__ = .
 *(.ram0_init)
 *(.ram0_init.*)
                0x0000000020001320                . = ALIGN (0x4)

.ram0           0x0000000020001320        0x0 load address 0x0000000008005834
                0x0000000020001320                __ram0_clear__ = .
 *(.ram0_clear)
 *(.ram0_clear.*)
                0x0000000020001320                . = ALIGN (0x4)
                0x0000000020001320                __ram0_noinit__ = .
 *(.ram0)
 *(.ram0.*)
                0x0000000020001320                . = ALIGN (0x4)
                0x0000000020001320                __ram0_free__ = .

.ram1_init      0x0000000000000000        0x0 load address 0x0000000008005834
                0x0000000008005834                __ram1_init_text__ = LOADADDR (.ram1_init)
                0x0000000000000000                __ram1_init__ = .
 *(.ram1_init)
 *(.ram1_init.*)
                0x0000000000000000                . = ALIGN (0x4)

.ram1           0x0000000000000000        0x0 load address 0x0000000008005834
                0x0000000000000000                __ram1_clear__ = .
 *(.ram1_clear)
 *(.ram1_clear.*)
                0x0000000000000000                . = ALIGN (0x4)
                0x0000000000000000                __ram1_noinit__ = .
 *(.ram1)
 *(.ram1.*)
                0x0000000000000000                . = ALIGN (0x4)
                0x0000000000000000                __ram1_free__ = .

.ram2_init      0x0000000000000000        0x0 load address 0x0000000008005834
                0x0000000008005834                __ram2_init_text__ = LOADADDR (.ram2_init)
                0x0000000000000000                __ram2_init__ = .
 *(.ram2_init)
 *(.ram2_init.*)
                0x0000000000000000                . = ALIGN (0x4)

.ram2           0x0000000000000000        0x0 load address 0x0000000008005834
                0x0000000000000000                __ram2_clear__ = .
 *(.ram2_clear)
 *(.ram2_clear.*)
                0x0000000000000000                . = ALIGN (0x4)
                0x0000000000000000                __ram2_noinit__ = .
 *(.ram2)
 *(.ram2.*)
                0x0000000000000000                . = ALIGN (0x4)
                0x0000000000000000                __ram2_free__ = .

.ram3_init      0x0000000000000000        0x0 load address 0x0000000008005834
                0x0000000008005834                __ram3_init_text__ = LOADADDR (.ram3_init)
                0x0000000000000000                __ram3_init__ = .
 *(.ram3_init)
 *(.ram3_init.*)
                0x0000000000000000                . = ALIGN (0x4)

.ram3           0x0000000000000000        0x0 load address 0x0000000008005834
                0x0000000000000000                __ram3_clear__ = .
 *(.ram3_clear)
 *(.ram3_clear.*)
                0x0000000000000000                . = ALIGN (0x4)
                0x0000000000000000                __ram3_noinit__ = .
 *(.ram3)
 *(.ram3.*)
                0x0000000000000000                . = ALIGN (0x4)
                0x0000000000000000                __ram3_free__ = .

.ram4_init      0x0000000000000000        0x0 load address 0x0000000008005834
                0x0000000008005834                __ram4_init_text__ = LOADADDR (.ram4_init)
                0x0000000000000000                __ram4_init__ = .
 *(.ram4_init)
 *(.ram4_init.*)
                0x0000000000000000                . = ALIGN (0x4)

.ram4           0x0000000000000000        0x0 load address 0x0000000008005834
                0x0000000000000000                __ram4_clear__ = .
 *(.ram4_clear)
 *(.ram4_clear.*)
                0x0000000000000000                . = ALIGN (0x4)
                0x0000000000000000                __ram4_noinit__ = .
 *(.ram4)
 *(.ram4.*)
                0x0000000000000000                . = ALIGN (0x4)
                0x0000000000000000                __ram4_free__ = .

.ram5_init      0x0000000000000000        0x0 load address 0x0000000008005834
                0x0000000008005834                __ram5_init_text__ = LOADADDR (.ram5_init)
                0x0000000000000000                __ram5_init__ = .
 *(.ram5_init)
 *(.ram5_init.*)
                0x0000000000000000                . = ALIGN (0x4)

.ram5           0x0000000000000000        0x0 load address 0x0000000008005834
                0x0000000000000000                __ram5_clear__ = .
 *(.ram5_clear)
 *(.ram5_clear.*)
                0x0000000000000000                . = ALIGN (0x4)
                0x0000000000000000                __ram5_noinit__ = .
 *(.ram5)
 *(.ram5.*)
                0x0000000000000000                . = ALIGN (0x4)
                0x0000000000000000                __ram5_free__ = .

.ram6_init      0x0000000000000000        0x0 load address 0x0000000008005834
                0x0000000008005834                __ram6_init_text__ = LOADADDR (.ram6_init)
                0x0000000000000000                __ram6_init__ = .
 *(.ram6_init)
 *(.ram6_init.*)
                0x0000000000000000                . = ALIGN (0x4)

.ram6           0x0000000000000000        0x0 load address 0x0000000008005834
                0x0000000000000000                __ram6_clear__ = .
 *(.ram6_clear)
 *(.ram6_clear.*)
                0x0000000000000000                . = ALIGN (0x4)
                0x0000000000000000                __ram6_noinit__ = .
 *(.ram6)
 *(.ram6.*)
                0x0000000000000000                . = ALIGN (0x4)
                0x0000000000000000                __ram6_free__ = .

.ram7_init      0x0000000000000000        0x0 load address 0x0000000008005834
                0x0000000008005834                __ram7_init_text__ = LOADADDR (.ram7_init)
                0x0000000000000000                __ram7_init__ = .
 *(.ram7_init)
 *(.ram7_init.*)
                0x0000000000000000                . = ALIGN (0x4)

.ram7           0x0000000000000000        0x0 load address 0x0000000008005834
                0x0000000000000000                __ram7_clear__ = .
 *(.ram7_clear)
 *(.ram7_clear.*)
                0x0000000000000000                . = ALIGN (0x4)
                0x0000000000000000                __ram7_noinit__ = .
 *(.ram7)
 *(.ram7.*)
                0x0000000000000000                . = ALIGN (0x4)
                0x0000000000000000                __ram7_free__ = .

.flash0         0x0000000008005834        0x0
                0x0000000008005834                __flash0_init__ = .
 *(.flash0_init)
 *(.flash0_init.*)
                0x0000000008005834                __flash0_free__ = .

.flash1         0x0000000000000000        0x0
                0x0000000000000000                __flash1_init__ = .
 *(.flash1_init)
 *(.flash1_init.*)
                0x0000000000000000                __flash1_free__ = .

.flash2         0x0000000000000000        0x0
                0x0000000000000000                __flash2_init__ = .
 *(.flash2_init)
 *(.flash2_init.*)
                0x0000000000000000                __flash2_free__ = .

.flash3         0x0000000000000000        0x0
                0x0000000000000000                __flash3_init__ = .
 *(.flash3_init)
 *(.flash3_init.*)
                0x0000000000000000                __flash3_free__ = .

.flash4         0x0000000000000000        0x0
                0x0000000000000000                __flash4_init__ = .
 *(.flash4_init)
 *(.flash4_init.*)
                0x0000000000000000                __flash4_free__ = .

.flash5         0x0000000000000000        0x0
                0x0000000000000000                __flash5_init__ = .
 *(.flash5_init)
 *(.flash5_init.*)
                0x0000000000000000                __flash5_free__ = .

.flash6         0x0000000000000000        0x0
                0x0000000000000000                __flash6_init__ = .
 *(.flash6_init)
 *(.flash6_init.*)
                0x0000000000000000                __flash6_free__ = .

.flash7         0x0000000000000000        0x0
                0x0000000000000000                __flash7_init__ = .
 *(.flash7_init)
 *(.flash7_init.*)
                0x0000000000000000                __flash7_free__ = .

.heap           0x0000000020001320     0x3ce0
                0x0000000020001320                . = ALIGN (0x8)
                0x0000000020001320                __heap_base__ = .
                0x0000000020005000                . = (ORIGIN (HEAP_RAM) + LENGTH (HEAP_RAM))
 *fill*         0x0000000020001320     0x3ce0 
                0x0000000020005000                __heap_end__ = .
                0x0000000000000200                __process_stack_size__ = 0x200
                0x0000000000000200                __main_stack_size__ = 0x200
START GROUP
LOAD /home/runner/work/rusefi-hardware/rusefi-hardware/gcc-arm-none-eabi-9-2020-q2-update/bin/../lib/gcc/arm-none-eabi/9.3.1/thumb/v7-m/nofp/libgcc.a
LOAD /home/runner/work/rusefi-hardware/rusefi-hardware/gcc-arm-none-eabi-9-2020-q2-update/bin/../lib/gcc/arm-none-eabi/9.3.1/../../../../arm-none-eabi/lib/thumb/v7-m/nofp/libg.a
LOAD /home/runner/work/rusefi-hardware/rusefi-hardware/gcc-arm-none-eabi-9-2020-q2-update/bin/../lib/gcc/arm-none-eabi/9.3.1/../../../../arm-none-eabi/lib/thumb/v7-m/nofp/libc.a
END GROUP
OUTPUT(build/gdi4.elf elf32-littlearm)
LOAD linker stubs

.ARM.attributes
                0x0000000000000000       0x2f
 .ARM.attributes
                0x0000000000000000       0x21 ./build/obj/crt0_v7m.o
 .ARM.attributes
                0x0000000000000021       0x21 ./build/obj/vectors.o
 .ARM.attributes
                0x0000000000000042       0x21 ./build/obj/chcoreasm_v7m.o
 .ARM.attributes
                0x0000000000000063       0x2b /tmp/gdi4.elf.bQZwN2.ltrans0.ltrans.o
 .ARM.attributes
                0x000000000000008e       0x1d /home/runner/work/rusefi-hardware/rusefi-hardware/gcc-arm-none-eabi-9-2020-q2-update/bin/../lib/gcc/arm-none-eabi/9.3.1/thumb/v7-m/nofp/libgcc.a(_arm_mulsf3.o)
 .ARM.attributes
                0x00000000000000ab       0x1d /home/runner/work/rusefi-hardware/rusefi-hardware/gcc-arm-none-eabi-9-2020-q2-update/bin/../lib/gcc/arm-none-eabi/9.3.1/thumb/v7-m/nofp/libgcc.a(_arm_addsubsf3.o)
 .ARM.attributes
                0x00000000000000c8       0x1d /home/runner/work/rusefi-hardware/rusefi-hardware/gcc-arm-none-eabi-9-2020-q2-update/bin/../lib/gcc/arm-none-eabi/9.3.1/thumb/v7-m/nofp/libgcc.a(_arm_cmpsf2.o)
 .ARM.attributes
                0x00000000000000e5       0x1d /home/runner/work/rusefi-hardware/rusefi-hardware/gcc-arm-none-eabi-9-2020-q2-update/bin/../lib/gcc/arm-none-eabi/9.3.1/thumb/v7-m/nofp/libgcc.a(_arm_fixsfsi.o)
 .ARM.attributes
                0x0000000000000102       0x1d /home/runner/work/rusefi-hardware/rusefi-hardware/gcc-arm-none-eabi-9-2020-q2-update/bin/../lib/gcc/arm-none-eabi/9.3.1/thumb/v7-m/nofp/libgcc.a(_arm_fixunssfsi.o)
 .ARM.attributes
                0x000000000000011f       0x1d /home/runner/work/rusefi-hardware/rusefi-hardware/gcc-arm-none-eabi-9-2020-q2-update/bin/../lib/gcc/arm-none-eabi/9.3.1/thumb/v7-m/nofp/libgcc.a(_aeabi_uldivmod.o)
 .ARM.attributes
                0x000000000000013c       0x2d /home/runner/work/rusefi-hardware/rusefi-hardware/gcc-arm-none-eabi-9-2020-q2-update/bin/../lib/gcc/arm-none-eabi/9.3.1/thumb/v7-m/nofp/libgcc.a(_udivmoddi4.o)
 .ARM.attributes
                0x0000000000000169       0x1d /home/runner/work/rusefi-hardware/rusefi-hardware/gcc-arm-none-eabi-9-2020-q2-update/bin/../lib/gcc/arm-none-eabi/9.3.1/thumb/v7-m/nofp/libgcc.a(_dvmd_tls.o)
 .ARM.attributes
                0x0000000000000186       0x2d /home/runner/work/rusefi-hardware/rusefi-hardware/gcc-arm-none-eabi-9-2020-q2-update/bin/../lib/gcc/arm-none-eabi/9.3.1/../../../../arm-none-eabi/lib/thumb/v7-m/nofp/libg.a(lib_a-memcmp.o)
 .ARM.attributes
                0x00000000000001b3       0x1b /home/runner/work/rusefi-hardware/rusefi-hardware/gcc-arm-none-eabi-9-2020-q2-update/bin/../lib/gcc/arm-none-eabi/9.3.1/../../../../arm-none-eabi/lib/thumb/v7-m/nofp/libg.a(lib_a-memcpy.o)

.comment        0x0000000000000000       0x4c
 .comment       0x0000000000000000       0x4c /tmp/gdi4.elf.bQZwN2.ltrans0.ltrans.o
                                         0x4d (size before relaxing)

.debug_line     0x0000000000000000    0x19ae4
 .debug_line    0x0000000000000000       0xca ./build/obj/crt0_v7m.o
 .debug_line    0x00000000000000ca       0x74 ./build/obj/vectors.o
 .debug_line    0x000000000000013e       0x8b ./build/obj/chcoreasm_v7m.o
 .debug_line    0x00000000000001c9     0x7b66 /tmp/gdi4.elf.bQZwN2.ltrans0.ltrans.o
 .debug_line    0x0000000000007d2f      0x1e0 /tmp/ccW2kurN.debug.temp.o
 .debug_line    0x0000000000007f0f      0x662 /tmp/cc3cNtb2.debug.temp.o
 .debug_line    0x0000000000008571      0x684 /tmp/ccfUwtZG.debug.temp.o
 .debug_line    0x0000000000008bf5      0x6ba /tmp/cciiIbf4.debug.temp.o
 .debug_line    0x00000000000092af      0x6a8 /tmp/cc13p5yU.debug.temp.o
 .debug_line    0x0000000000009957      0x668 /tmp/ccyrJr9I.debug.temp.o
 .debug_line    0x0000000000009fbf      0x65d /tmp/cccr4EpY.debug.temp.o
 .debug_line    0x000000000000a61c      0x684 /tmp/ccyHdcni.debug.temp.o
 .debug_line    0x000000000000aca0      0x675 /tmp/ccqFdXxJ.debug.temp.o
 .debug_line    0x000000000000b315      0x6bc /tmp/cc8cpCYo.debug.temp.o
 .debug_line    0x000000000000b9d1      0x648 /tmp/ccy3ewyV.debug.temp.o
 .debug_line    0x000000000000c019      0x678 /tmp/cc4rXSc6.debug.temp.o
 .debug_line    0x000000000000c691      0x675 /tmp/ccocYWG7.debug.temp.o
 .debug_line    0x000000000000cd06      0x676 /tmp/ccsxqCOa.debug.temp.o
 .debug_line    0x000000000000d37c      0x648 /tmp/ccPN173K.debug.temp.o
 .debug_line    0x000000000000d9c4      0x624 /tmp/cc2wPBVP.debug.temp.o
 .debug_line    0x000000000000dfe8      0x622 /tmp/cc7vPwgi.debug.temp.o
 .debug_line    0x000000000000e60a      0x647 /tmp/ccNWrMGo.debug.temp.o
 .debug_line    0x000000000000ec51      0x66f /tmp/cclB5Lhf.debug.temp.o
 .debug_line    0x000000000000f2c0      0x65e /tmp/cc9RU9lv.debug.temp.o
 .debug_line    0x000000000000f91e      0x626 /tmp/cccqBdTU.debug.temp.o
 .debug_line    0x000000000000ff44      0x660 /tmp/cc8aGUzI.debug.temp.o
 .debug_line    0x00000000000105a4      0x699 /tmp/ccLxA58Q.debug.temp.o
 .debug_line    0x0000000000010c3d      0x663 /tmp/ccwK6zlr.debug.temp.o
 .debug_line    0x00000000000112a0      0x652 /tmp/ccPk4QQ0.debug.temp.o
 .debug_line    0x00000000000118f2      0x670 /tmp/ccprF6Jo.debug.temp.o
 .debug_line    0x0000000000011f62      0x3cc /tmp/cc5o0bOW.debug.temp.o
 .debug_line    0x000000000001232e      0x3cd /tmp/ccuKhvUD.debug.temp.o
 .debug_line    0x00000000000126fb      0x3bd /tmp/ccJIg8uF.debug.temp.o
 .debug_line    0x0000000000012ab8      0x3e1 /tmp/ccOVThog.debug.temp.o
 .debug_line    0x0000000000012e99      0x3a2 /tmp/cc27tQd0.debug.temp.o
 .debug_line    0x000000000001323b      0x3e7 /tmp/ccEW0h7e.debug.temp.o
 .debug_line    0x0000000000013622      0x3c1 /tmp/ccO87TCx.debug.temp.o
 .debug_line    0x00000000000139e3      0x3c3 /tmp/ccgYaf9f.debug.temp.o
 .debug_line    0x0000000000013da6      0x3d5 /tmp/ccEJzAZv.debug.temp.o
 .debug_line    0x000000000001417b      0x3b9 /tmp/ccbytJME.debug.temp.o
 .debug_line    0x0000000000014534      0x3bb /tmp/ccI1r94j.debug.temp.o
 .debug_line    0x00000000000148ef      0x3ba /tmp/ccPzhi5f.debug.temp.o
 .debug_line    0x0000000000014ca9      0x3f1 /tmp/ccYRa1qd.debug.temp.o
 .debug_line    0x000000000001509a      0x3f6 /tmp/ccDTRdvC.debug.temp.o
 .debug_line    0x0000000000015490      0x3d1 /tmp/ccngaVlU.debug.temp.o
 .debug_line    0x0000000000015861      0x675 /tmp/ccHJ6S76.debug.temp.o
 .debug_line    0x0000000000015ed6      0x67f /tmp/ccoaptrB.debug.temp.o
 .debug_line    0x0000000000016555      0x677 /tmp/ccGa5KbZ.debug.temp.o
 .debug_line    0x0000000000016bcc       0x80 /tmp/ccCv8gTF.debug.temp.o
 .debug_line    0x0000000000016c4c      0x606 /tmp/cc0dILBF.debug.temp.o
 .debug_line    0x0000000000017252      0x680 /tmp/cc2O5gaF.debug.temp.o
 .debug_line    0x00000000000178d2      0x7eb /tmp/ccDunzus.debug.temp.o
 .debug_line    0x00000000000180bd      0x67a /tmp/cclUBcoX.debug.temp.o
 .debug_line    0x0000000000018737      0x7f0 /tmp/ccShYqAh.debug.temp.o
 .debug_line    0x0000000000018f27      0xbbd /tmp/ccz3yicb.debug.temp.o

.debug_info     0x0000000000000000    0x7948a
 .debug_info    0x0000000000000000       0x26 ./build/obj/crt0_v7m.o
 .debug_info    0x0000000000000026       0x26 ./build/obj/vectors.o
 .debug_info    0x000000000000004c       0x26 ./build/obj/chcoreasm_v7m.o
 .debug_info    0x0000000000000072     0xc654 /tmp/gdi4.elf.bQZwN2.ltrans0.ltrans.o
 .debug_info    0x000000000000c6c6      0x35d /tmp/ccW2kurN.debug.temp.o
                0x000000000000c6c6                crt1.c.b49ec9ea
 .debug_info    0x000000000000ca23     0x1d30 /tmp/cc3cNtb2.debug.temp.o
                0x000000000000ca23                hal.c.fe6ba269
 .debug_info    0x000000000000e753     0x1f8d /tmp/ccfUwtZG.debug.temp.o
                0x000000000000e753                hal_st.c.9a0be64b
 .debug_info    0x00000000000106e0     0x2d6b /tmp/cciiIbf4.debug.temp.o
                0x00000000000106e0                hal_buffers.c.28aa9575
 .debug_info    0x000000000001344b     0x2b84 /tmp/cc13p5yU.debug.temp.o
                0x000000000001344b                hal_queues.c.9c7e837b
 .debug_info    0x0000000000015fcf     0x1eee /tmp/ccyrJr9I.debug.temp.o
                0x0000000000015fcf                hal_flash.c.2c1979ab
 .debug_info    0x0000000000017ebd     0x27f2 /tmp/cccr4EpY.debug.temp.o
                0x0000000000017ebd                hal_mmcsd.c.8c3fe988
 .debug_info    0x000000000001a6af     0x23c7 /tmp/ccyHdcni.debug.temp.o
                0x000000000001a6af                hal_can.c.02f1614b
 .debug_info    0x000000000001ca76     0x1e3c /tmp/ccqFdXxJ.debug.temp.o
                0x000000000001ca76                hal_efl.c.b849b2be
 .debug_info    0x000000000001e8b2     0x3047 /tmp/cc8cpCYo.debug.temp.o
                0x000000000001e8b2                hal_mmc_spi.c.0899c2bf
 .debug_info    0x00000000000218f9     0x1e4c /tmp/ccy3ewyV.debug.temp.o
                0x00000000000218f9                hal_pal.c.feffb6a2
 .debug_info    0x0000000000023745     0x2206 /tmp/cc4rXSc6.debug.temp.o
                0x0000000000023745                hal_serial.c.5168782b
 .debug_info    0x000000000002594b     0x2212 /tmp/ccocYWG7.debug.temp.o
                0x000000000002594b                hal_spi.c.b2720fda
 .debug_info    0x0000000000027b5d     0x205d /tmp/ccsxqCOa.debug.temp.o
                0x0000000000027b5d                hal_uart.c.139f637d
 .debug_info    0x0000000000029bba     0x209c /tmp/ccPN173K.debug.temp.o
                0x0000000000029bba                nvic.c.36f32602
 .debug_info    0x000000000002bc56     0x1e76 /tmp/cc2wPBVP.debug.temp.o
                0x000000000002bc56                stm32_isr.c.5b08f005
 .debug_info    0x000000000002dacc     0x1e15 /tmp/cc7vPwgi.debug.temp.o
                0x000000000002dacc                hal_lld.c.8797012a
 .debug_info    0x000000000002f8e1     0x2a1a /tmp/ccNWrMGo.debug.temp.o
                0x000000000002f8e1                hal_efl_lld.c.7b85b054
 .debug_info    0x00000000000322fb     0x252e /tmp/cclB5Lhf.debug.temp.o
                0x00000000000322fb                hal_can_lld.c.9364f86c
 .debug_info    0x0000000000034829     0x20bc /tmp/cc9RU9lv.debug.temp.o
                0x0000000000034829                stm32_dma.c.aa168a25
 .debug_info    0x00000000000368e5     0x1e8f /tmp/cccqBdTU.debug.temp.o
                0x00000000000368e5                hal_pal_lld.c.19e53242
 .debug_info    0x0000000000038774     0x20e4 /tmp/cc8aGUzI.debug.temp.o
                0x0000000000038774                hal_spi_lld.c.3163d10f
 .debug_info    0x000000000003a858     0x1ff4 /tmp/ccLxA58Q.debug.temp.o
                0x000000000003a858                hal_st_lld.c.32b26593
 .debug_info    0x000000000003c84c     0x2009 /tmp/ccwK6zlr.debug.temp.o
                0x000000000003c84c                hal_serial_lld.c.af316e09
 .debug_info    0x000000000003e855     0x205d /tmp/ccPk4QQ0.debug.temp.o
                0x000000000003e855                hal_uart_lld.c.2ec72065
 .debug_info    0x00000000000408b2     0x1fd8 /tmp/ccprF6Jo.debug.temp.o
                0x00000000000408b2                board.c.962fdce3
 .debug_info    0x000000000004288a      0xf06 /tmp/cc5o0bOW.debug.temp.o
                0x000000000004288a                chsys.c.39b54a9c
 .debug_info    0x0000000000043790      0xffe /tmp/ccuKhvUD.debug.temp.o
                0x0000000000043790                chvt.c.c4cdb5ba
 .debug_info    0x000000000004478e      0xdec /tmp/ccJIg8uF.debug.temp.o
                0x000000000004478e                chschd.c.31d9baf8
 .debug_info    0x000000000004557a     0x12f0 /tmp/ccOVThog.debug.temp.o
                0x000000000004557a                chthreads.c.63f0bc2c
 .debug_info    0x000000000004686a      0xcf7 /tmp/cc27tQd0.debug.temp.o
                0x000000000004686a                chtm.c.e6c36fbd
 .debug_info    0x0000000000047561     0x1445 /tmp/ccEW0h7e.debug.temp.o
                0x0000000000047561                chregistry.c.ff6313dc
 .debug_info    0x00000000000489a6      0xd9e /tmp/ccO87TCx.debug.temp.o
                0x00000000000489a6                chmtx.c.68b7458c
 .debug_info    0x0000000000049744      0xfa8 /tmp/ccgYaf9f.debug.temp.o
                0x0000000000049744                chevents.c.cf7ebe5a
 .debug_info    0x000000000004a6ec      0xd28 /tmp/ccEJzAZv.debug.temp.o
                0x000000000004a6ec                chdynamic.c.26f46df8
 .debug_info    0x000000000004b414      0xc3e /tmp/ccbytJME.debug.temp.o
                0x000000000004b414                chmemcore.c.3effa1fe
 .debug_info    0x000000000004c052      0xd34 /tmp/ccI1r94j.debug.temp.o
                0x000000000004c052                chmemheaps.c.eae0bfc2
 .debug_info    0x000000000004cd86      0xde9 /tmp/ccPzhi5f.debug.temp.o
                0x000000000004cd86                chmempools.c.38932e04
 .debug_info    0x000000000004db6f      0xe69 /tmp/ccYRa1qd.debug.temp.o
                0x000000000004db6f                chdelegates.c.cc9178fd
 .debug_info    0x000000000004e9d8     0x1c67 /tmp/ccDTRdvC.debug.temp.o
                0x000000000004e9d8                chfactory.c.cca5b542
 .debug_info    0x000000000005063f     0x1a79 /tmp/ccngaVlU.debug.temp.o
                0x000000000005063f                chcore_v7m.c.84a012ae
 .debug_info    0x00000000000520b8     0x360b /tmp/ccHJ6S76.debug.temp.o
                0x00000000000520b8                hal_mfs.c.44f9cd36
 .debug_info    0x00000000000556c3     0x210d /tmp/ccoaptrB.debug.temp.o
                0x00000000000556c3                chprintf.c.58a6c73c
 .debug_info    0x00000000000577d0     0x2777 /tmp/ccGa5KbZ.debug.temp.o
                0x00000000000577d0                memstreams.c.547d07fa
 .debug_info    0x0000000000059f47      0x13b /tmp/ccCv8gTF.debug.temp.o
                0x0000000000059f47                PT2001_LoadData.c.41504c6d
 .debug_info    0x000000000005a082     0x66ad /tmp/cc0dILBF.debug.temp.o
                0x000000000005a082                efistringutil.cpp.591f5b7f
 .debug_info    0x000000000006072f     0x4edb /tmp/cc2O5gaF.debug.temp.o
                0x000000000006072f                pt2001.cpp.1ab06811
 .debug_info    0x000000000006560a     0x2421 /tmp/ccDunzus.debug.temp.o
                0x000000000006560a                uart.cpp.42dfe893
 .debug_info    0x0000000000067a2b     0x25d2 /tmp/cclUBcoX.debug.temp.o
                0x0000000000067a2b                persistence.cpp.13a1124c
 .debug_info    0x0000000000069ffd     0x3052 /tmp/ccShYqAh.debug.temp.o
                0x0000000000069ffd                can.cpp.043cb456
 .debug_info    0x000000000006d04f     0xc43b /tmp/ccz3yicb.debug.temp.o
                0x000000000006d04f                main.cpp.472c4100

.debug_abbrev   0x0000000000000000     0x90e5
 .debug_abbrev  0x0000000000000000       0x14 ./build/obj/crt0_v7m.o
 .debug_abbrev  0x0000000000000014       0x14 ./build/obj/vectors.o
 .debug_abbrev  0x0000000000000028       0x14 ./build/obj/chcoreasm_v7m.o
 .debug_abbrev  0x000000000000003c      0x360 /tmp/gdi4.elf.bQZwN2.ltrans0.ltrans.o
 .debug_abbrev  0x000000000000039c       0xff /tmp/ccW2kurN.debug.temp.o
 .debug_abbrev  0x000000000000049b      0x1dc /tmp/cc3cNtb2.debug.temp.o
 .debug_abbrev  0x0000000000000677      0x262 /tmp/ccfUwtZG.debug.temp.o
 .debug_abbrev  0x00000000000008d9      0x328 /tmp/cciiIbf4.debug.temp.o
 .debug_abbrev  0x0000000000000c01      0x33b /tmp/cc13p5yU.debug.temp.o
 .debug_abbrev  0x0000000000000f3c      0x22c /tmp/ccyrJr9I.debug.temp.o
 .debug_abbrev  0x0000000000001168      0x25c /tmp/cccr4EpY.debug.temp.o
 .debug_abbrev  0x00000000000013c4      0x327 /tmp/ccyHdcni.debug.temp.o
 .debug_abbrev  0x00000000000016eb      0x247 /tmp/ccqFdXxJ.debug.temp.o
 .debug_abbrev  0x0000000000001932      0x364 /tmp/cc8cpCYo.debug.temp.o
 .debug_abbrev  0x0000000000001c96      0x221 /tmp/ccy3ewyV.debug.temp.o
 .debug_abbrev  0x0000000000001eb7      0x2ad /tmp/cc4rXSc6.debug.temp.o
 .debug_abbrev  0x0000000000002164      0x281 /tmp/ccocYWG7.debug.temp.o
 .debug_abbrev  0x00000000000023e5      0x2bb /tmp/ccsxqCOa.debug.temp.o
 .debug_abbrev  0x00000000000026a0      0x221 /tmp/ccPN173K.debug.temp.o
 .debug_abbrev  0x00000000000028c1      0x1d6 /tmp/cc2wPBVP.debug.temp.o
 .debug_abbrev  0x0000000000002a97      0x1e9 /tmp/cc7vPwgi.debug.temp.o
 .debug_abbrev  0x0000000000002c80      0x333 /tmp/ccNWrMGo.debug.temp.o
 .debug_abbrev  0x0000000000002fb3      0x33d /tmp/cclB5Lhf.debug.temp.o
 .debug_abbrev  0x00000000000032f0      0x27d /tmp/cc9RU9lv.debug.temp.o
 .debug_abbrev  0x000000000000356d      0x1fc /tmp/cccqBdTU.debug.temp.o
 .debug_abbrev  0x0000000000003769      0x28e /tmp/cc8aGUzI.debug.temp.o
 .debug_abbrev  0x00000000000039f7      0x22b /tmp/ccLxA58Q.debug.temp.o
 .debug_abbrev  0x0000000000003c22      0x293 /tmp/ccwK6zlr.debug.temp.o
 .debug_abbrev  0x0000000000003eb5      0x2ce /tmp/ccPk4QQ0.debug.temp.o
 .debug_abbrev  0x0000000000004183      0x1fe /tmp/ccprF6Jo.debug.temp.o
 .debug_abbrev  0x0000000000004381      0x2e3 /tmp/cc5o0bOW.debug.temp.o
 .debug_abbrev  0x0000000000004664      0x2a9 /tmp/ccuKhvUD.debug.temp.o
 .debug_abbrev  0x000000000000490d      0x2c2 /tmp/ccJIg8uF.debug.temp.o
 .debug_abbrev  0x0000000000004bcf      0x2af /tmp/ccOVThog.debug.temp.o
 .debug_abbrev  0x0000000000004e7e      0x1c8 /tmp/cc27tQd0.debug.temp.o
 .debug_abbrev  0x0000000000005046      0x2ae /tmp/ccEW0h7e.debug.temp.o
 .debug_abbrev  0x00000000000052f4      0x282 /tmp/ccO87TCx.debug.temp.o
 .debug_abbrev  0x0000000000005576      0x275 /tmp/ccgYaf9f.debug.temp.o
 .debug_abbrev  0x00000000000057eb      0x1fc /tmp/ccEJzAZv.debug.temp.o
 .debug_abbrev  0x00000000000059e7      0x215 /tmp/ccbytJME.debug.temp.o
 .debug_abbrev  0x0000000000005bfc      0x258 /tmp/ccI1r94j.debug.temp.o
 .debug_abbrev  0x0000000000005e54      0x25b /tmp/ccPzhi5f.debug.temp.o
 .debug_abbrev  0x00000000000060af      0x241 /tmp/ccYRa1qd.debug.temp.o
 .debug_abbrev  0x00000000000062f0      0x2e4 /tmp/ccDTRdvC.debug.temp.o
 .debug_abbrev  0x00000000000065d4      0x2e9 /tmp/ccngaVlU.debug.temp.o
 .debug_abbrev  0x00000000000068bd      0x336 /tmp/ccHJ6S76.debug.temp.o
 .debug_abbrev  0x0000000000006bf3      0x2b0 /tmp/ccoaptrB.debug.temp.o
 .debug_abbrev  0x0000000000006ea3      0x281 /tmp/ccGa5KbZ.debug.temp.o
 .debug_abbrev  0x0000000000007124       0x58 /tmp/ccCv8gTF.debug.temp.o
 .debug_abbrev  0x000000000000717c      0x552 /tmp/cc0dILBF.debug.temp.o
 .debug_abbrev  0x00000000000076ce      0x5e7 /tmp/cc2O5gaF.debug.temp.o
 .debug_abbrev  0x0000000000007cb5      0x2e6 /tmp/ccDunzus.debug.temp.o
 .debug_abbrev  0x0000000000007f9b      0x304 /tmp/cclUBcoX.debug.temp.o
 .debug_abbrev  0x000000000000829f      0x40f /tmp/ccShYqAh.debug.temp.o
 .debug_abbrev  0x00000000000086ae      0xa37 /tmp/ccz3yicb.debug.temp.o

.debug_aranges  0x0000000000000000      0x430
 .debug_aranges
                0x0000000000000000       0x20 ./build/obj/crt0_v7m.o
 .debug_aranges
                0x0000000000000020       0x20 ./build/obj/vectors.o
 .debug_aranges
                0x0000000000000040       0x20 ./build/obj/chcoreasm_v7m.o
 .debug_aranges
                0x0000000000000060      0x3d0 /tmp/gdi4.elf.bQZwN2.ltrans0.ltrans.o

.debug_str      0x0000000000000000    0x13084
 .debug_str     0x0000000000000000       0x91 ./build/obj/crt0_v7m.o
 .debug_str     0x0000000000000091       0x3f ./build/obj/vectors.o
                                         0x90 (size before relaxing)
 .debug_str     0x00000000000000d0       0x43 ./build/obj/chcoreasm_v7m.o
                                         0x94 (size before relaxing)
 .debug_str     0x0000000000000113      0x188 /tmp/gdi4.elf.bQZwN2.ltrans0.ltrans.o
                                        0x1e6 (size before relaxing)
 .debug_str     0x000000000000029b      0x415 /tmp/ccW2kurN.debug.temp.o
                                        0x4e3 (size before relaxing)
 .debug_str     0x00000000000006b0      0xb1d /tmp/cc3cNtb2.debug.temp.o
                                       0x1047 (size before relaxing)
 .debug_str     0x00000000000011cd      0x133 /tmp/ccfUwtZG.debug.temp.o
                                       0x114a (size before relaxing)
 .debug_str     0x0000000000001300      0x6bd /tmp/cciiIbf4.debug.temp.o
                                       0x1747 (size before relaxing)
 .debug_str     0x00000000000019bd       0xcc /tmp/cc13p5yU.debug.temp.o
                                       0x15bf (size before relaxing)
 .debug_str     0x0000000000001a89       0x95 /tmp/ccyrJr9I.debug.temp.o
                                       0x10d1 (size before relaxing)
 .debug_str     0x0000000000001b1e      0x430 /tmp/cccr4EpY.debug.temp.o
                                       0x1471 (size before relaxing)
 .debug_str     0x0000000000001f4e      0x135 /tmp/ccyHdcni.debug.temp.o
                                       0x1244 (size before relaxing)
 .debug_str     0x0000000000002083       0x4f /tmp/ccqFdXxJ.debug.temp.o
                                       0x10cb (size before relaxing)
 .debug_str     0x00000000000020d2      0x230 /tmp/cc8cpCYo.debug.temp.o
                                       0x1799 (size before relaxing)
 .debug_str     0x0000000000002302       0x70 /tmp/ccy3ewyV.debug.temp.o
                                       0x109a (size before relaxing)
 .debug_str     0x0000000000002372       0xde /tmp/cc4rXSc6.debug.temp.o
                                       0x11c3 (size before relaxing)
 .debug_str     0x0000000000002450      0x152 /tmp/ccocYWG7.debug.temp.o
                                       0x11f2 (size before relaxing)
 .debug_str     0x00000000000025a2       0xd1 /tmp/ccsxqCOa.debug.temp.o
                                       0x1153 (size before relaxing)
 .debug_str     0x0000000000002673      0x106 /tmp/ccPN173K.debug.temp.o
                                       0x112e (size before relaxing)
 .debug_str     0x0000000000002779      0x31e /tmp/cc2wPBVP.debug.temp.o
                                       0x1335 (size before relaxing)
 .debug_str     0x0000000000002a97       0xb4 /tmp/cc7vPwgi.debug.temp.o
                                       0x10d0 (size before relaxing)
 .debug_str     0x0000000000002b4b      0x1c2 /tmp/ccNWrMGo.debug.temp.o
                                       0x15ef (size before relaxing)
 .debug_str     0x0000000000002d0d      0x276 /tmp/cclB5Lhf.debug.temp.o
                                       0x1391 (size before relaxing)
 .debug_str     0x0000000000002f83      0x10e /tmp/cc9RU9lv.debug.temp.o
                                       0x11e4 (size before relaxing)
 .debug_str     0x0000000000003091       0x65 /tmp/cccqBdTU.debug.temp.o
                                       0x10e0 (size before relaxing)
 .debug_str     0x00000000000030f6      0x11d /tmp/cc8aGUzI.debug.temp.o
                                       0x124e (size before relaxing)
 .debug_str     0x0000000000003213       0x7d /tmp/ccLxA58Q.debug.temp.o
                                       0x11c5 (size before relaxing)
 .debug_str     0x0000000000003290       0x96 /tmp/ccwK6zlr.debug.temp.o
                                       0x11d1 (size before relaxing)
 .debug_str     0x0000000000003326      0x148 /tmp/ccPk4QQ0.debug.temp.o
                                       0x11da (size before relaxing)
 .debug_str     0x000000000000346e       0x74 /tmp/ccprF6Jo.debug.temp.o
                                       0x11c9 (size before relaxing)
 .debug_str     0x00000000000034e2      0x272 /tmp/cc5o0bOW.debug.temp.o
                                        0xa3d (size before relaxing)
 .debug_str     0x0000000000003754      0x1d7 /tmp/ccuKhvUD.debug.temp.o
                                        0x970 (size before relaxing)
 .debug_str     0x000000000000392b      0x18e /tmp/ccJIg8uF.debug.temp.o
                                        0x953 (size before relaxing)
 .debug_str     0x0000000000003ab9      0x28c /tmp/ccOVThog.debug.temp.o
                                        0xa8e (size before relaxing)
 .debug_str     0x0000000000003d45       0xbe /tmp/cc27tQd0.debug.temp.o
                                        0x88d (size before relaxing)
 .debug_str     0x0000000000003e03       0xa6 /tmp/ccEW0h7e.debug.temp.o
                                        0xbdc (size before relaxing)
 .debug_str     0x0000000000003ea9       0xc6 /tmp/ccO87TCx.debug.temp.o
                                        0x867 (size before relaxing)
 .debug_str     0x0000000000003f6f      0x1a2 /tmp/ccgYaf9f.debug.temp.o
                                        0x94f (size before relaxing)
 .debug_str     0x0000000000004111       0x9f /tmp/ccEJzAZv.debug.temp.o
                                        0x828 (size before relaxing)
 .debug_str     0x00000000000041b0       0xa3 /tmp/ccbytJME.debug.temp.o
                                        0x7f3 (size before relaxing)
 .debug_str     0x0000000000004253       0xa1 /tmp/ccI1r94j.debug.temp.o
                                        0x808 (size before relaxing)
 .debug_str     0x00000000000042f4      0x141 /tmp/ccPzhi5f.debug.temp.o
                                        0x8a4 (size before relaxing)
 .debug_str     0x0000000000004435      0x180 /tmp/ccYRa1qd.debug.temp.o
                                        0x8da (size before relaxing)
 .debug_str     0x00000000000045b5      0x3eb /tmp/ccDTRdvC.debug.temp.o
                                        0xf67 (size before relaxing)
 .debug_str     0x00000000000049a0      0x137 /tmp/ccngaVlU.debug.temp.o
                                       0x10b1 (size before relaxing)
 .debug_str     0x0000000000004ad7      0x4ed /tmp/ccHJ6S76.debug.temp.o
                                       0x19cd (size before relaxing)
 .debug_str     0x0000000000004fc4      0x133 /tmp/ccoaptrB.debug.temp.o
                                       0x117f (size before relaxing)
 .debug_str     0x00000000000050f7       0x4a /tmp/ccGa5KbZ.debug.temp.o
                                       0x1468 (size before relaxing)
 .debug_str     0x0000000000005141       0xd7 /tmp/ccCv8gTF.debug.temp.o
                                        0x219 (size before relaxing)
 .debug_str     0x0000000000005218     0x7001 /tmp/cc0dILBF.debug.temp.o
                                       0x76f0 (size before relaxing)
 .debug_str     0x000000000000c219      0x5f2 /tmp/cc2O5gaF.debug.temp.o
                                       0x7337 (size before relaxing)
 .debug_str     0x000000000000c80b      0x376 /tmp/ccDunzus.debug.temp.o
                                       0x189d (size before relaxing)
 .debug_str     0x000000000000cb81      0x1bd /tmp/cclUBcoX.debug.temp.o
                                       0x1927 (size before relaxing)
 .debug_str     0x000000000000cd3e      0x110 /tmp/ccShYqAh.debug.temp.o
                                       0x1cd5 (size before relaxing)
 .debug_str     0x000000000000ce4e     0x6236 /tmp/ccz3yicb.debug.temp.o
                                       0xe6db (size before relaxing)

.debug_loc      0x0000000000000000     0xb9a2
 .debug_loc     0x0000000000000000     0xb9a2 /tmp/gdi4.elf.bQZwN2.ltrans0.ltrans.o

.debug_ranges   0x0000000000000000     0x5460
 .debug_ranges  0x0000000000000000     0x5460 /tmp/gdi4.elf.bQZwN2.ltrans0.ltrans.o

.debug_frame    0x0000000000000000      0xf0c
 .debug_frame   0x0000000000000000      0xcf0 /tmp/gdi4.elf.bQZwN2.ltrans0.ltrans.o
 .debug_frame   0x0000000000000cf0       0x24 /home/runner/work/rusefi-hardware/rusefi-hardware/gcc-arm-none-eabi-9-2020-q2-update/bin/../lib/gcc/arm-none-eabi/9.3.1/thumb/v7-m/nofp/libgcc.a(_arm_mulsf3.o)
 .debug_frame   0x0000000000000d14       0x4c /home/runner/work/rusefi-hardware/rusefi-hardware/gcc-arm-none-eabi-9-2020-q2-update/bin/../lib/gcc/arm-none-eabi/9.3.1/thumb/v7-m/nofp/libgcc.a(_arm_addsubsf3.o)
 .debug_frame   0x0000000000000d60       0xc8 /home/runner/work/rusefi-hardware/rusefi-hardware/gcc-arm-none-eabi-9-2020-q2-update/bin/../lib/gcc/arm-none-eabi/9.3.1/thumb/v7-m/nofp/libgcc.a(_arm_cmpsf2.o)
 .debug_frame   0x0000000000000e28       0x24 /home/runner/work/rusefi-hardware/rusefi-hardware/gcc-arm-none-eabi-9-2020-q2-update/bin/../lib/gcc/arm-none-eabi/9.3.1/thumb/v7-m/nofp/libgcc.a(_arm_fixsfsi.o)
 .debug_frame   0x0000000000000e4c       0x24 /home/runner/work/rusefi-hardware/rusefi-hardware/gcc-arm-none-eabi-9-2020-q2-update/bin/../lib/gcc/arm-none-eabi/9.3.1/thumb/v7-m/nofp/libgcc.a(_arm_fixunssfsi.o)
 .debug_frame   0x0000000000000e70       0x2c /home/runner/work/rusefi-hardware/rusefi-hardware/gcc-arm-none-eabi-9-2020-q2-update/bin/../lib/gcc/arm-none-eabi/9.3.1/thumb/v7-m/nofp/libgcc.a(_aeabi_uldivmod.o)
 .debug_frame   0x0000000000000e9c       0x34 /home/runner/work/rusefi-hardware/rusefi-hardware/gcc-arm-none-eabi-9-2020-q2-update/bin/../lib/gcc/arm-none-eabi/9.3.1/thumb/v7-m/nofp/libgcc.a(_udivmoddi4.o)
 .debug_frame   0x0000000000000ed0       0x3c /home/runner/work/rusefi-hardware/rusefi-hardware/gcc-arm-none-eabi-9-2020-q2-update/bin/../lib/gcc/arm-none-eabi/9.3.1/../../../../arm-none-eabi/lib/thumb/v7-m/nofp/libg.a(lib_a-memcmp.o)

Cross Reference Table

Symbol                                            File
BusFault_Handler                                  ./build/obj/vectors.o
CAND1                                             ./build/obj/hal_can_lld.o (symbol from plugin)
                                                  ./build/obj/can.o (symbol from plugin)
CanRxThread(void*)                                ./build/obj/can.o (symbol from plugin)
CanTxThread(void*)                                ./build/obj/can.o (symbol from plugin)
DebugMon_Handler                                  ./build/obj/vectors.o
EFLD1                                             ./build/obj/hal_efl_lld.o (symbol from plugin)
                                                  ./build/obj/persistence.o (symbol from plugin)
GDIConfiguration::resetToDefaults()               ./build/obj/main.o (symbol from plugin)
                                                  ./build/obj/persistence.o (symbol from plugin)
GetCurrentFault()                                 ./build/obj/fault.o (symbol from plugin)
HardFault_Handler                                 ./build/obj/vectors.o
HasFault()                                        ./build/obj/fault.o (symbol from plugin)
InitCan()                                         ./build/obj/can.o (symbol from plugin)
                                                  ./build/obj/main.o (symbol from plugin)
InitFlash()                                       ./build/obj/persistence.o (symbol from plugin)
                                                  ./build/obj/main.o (symbol from plugin)
InitUart()                                        ./build/obj/uart.o (symbol from plugin)
                                                  ./build/obj/main.o (symbol from plugin)
MemManage_Handler                                 ./build/obj/vectors.o
NMI_Handler                                       ./build/obj/vectors.o
NewtonsMethodSolver::solve(float, float, unsigned int) ./build/obj/math.o (symbol from plugin)
PT2001_LoadData.c.41504c6d                        /tmp/ccCv8gTF.debug.temp.o
                                                  /tmp/gdi4.elf.bQZwN2.ltrans0.ltrans.o
PT2001_ch1_config                                 ./build/obj/PT2001_LoadData.o (symbol from plugin)
                                                  ./build/obj/pt2001.o (symbol from plugin)
PT2001_ch2_config                                 ./build/obj/PT2001_LoadData.o (symbol from plugin)
                                                  ./build/obj/pt2001.o (symbol from plugin)
PT2001_code_RAM1                                  ./build/obj/PT2001_LoadData.o (symbol from plugin)
                                                  ./build/obj/pt2001.o (symbol from plugin)
PT2001_code_RAM2                                  ./build/obj/PT2001_LoadData.o (symbol from plugin)
                                                  ./build/obj/pt2001.o (symbol from plugin)
PT2001_data_RAM                                   ./build/obj/PT2001_LoadData.o (symbol from plugin)
                                                  ./build/obj/pt2001.o (symbol from plugin)
PT2001_diag_config                                ./build/obj/PT2001_LoadData.o (symbol from plugin)
                                                  ./build/obj/pt2001.o (symbol from plugin)
PT2001_io_config                                  ./build/obj/PT2001_LoadData.o (symbol from plugin)
                                                  ./build/obj/pt2001.o (symbol from plugin)
PT2001_main_config                                ./build/obj/PT2001_LoadData.o (symbol from plugin)
                                                  ./build/obj/pt2001.o (symbol from plugin)
PendSV_Handler                                    ./build/obj/vectors.o
Pt2001::deselect()                                ./build/obj/main.o (symbol from plugin)
Pt2001::getBoostCurrent() const                   ./build/obj/main.o (symbol from plugin)
Pt2001::getBoostVoltage() const                   ./build/obj/main.o (symbol from plugin)
Pt2001::getHoldCurrent() const                    ./build/obj/main.o (symbol from plugin)
Pt2001::getPeakCurrent() const                    ./build/obj/main.o (symbol from plugin)
Pt2001::getPumpHoldCurrent() const                ./build/obj/main.o (symbol from plugin)